
func Main [in 0, out 0, local 2]
	$t0 = 4
	$t1 = Add($t0 2)
	PrintIntS($t1)
	ret

