const vmt_BT
	:BT.Start
const vmt_Tree
	:Tree.Init
	:Tree.SetRight
	:Tree.SetLeft
	:Tree.GetRight
	:Tree.GetLeft
	:Tree.GetKey
	:Tree.SetKey
	:Tree.GetHas_Right
	:Tree.GetHas_Left
	:Tree.SetHas_Left
	:Tree.SetHas_Right
	:Tree.Compare
	:Tree.Insert
	:Tree.Delete
	:Tree.Remove
	:Tree.RemoveRight
	:Tree.RemoveLeft
	:Tree.Search
	:Tree.Print
	:Tree.RecPrint
error

const empty_BT
func Main [in 0, out 1, local 1]
	local[0] = $t0
	$a0 = :empty_BT
	call :BT.Start
	$t0 = local[0]
	$t0 = $v0
	PrintIntS($t0)
	ret

func BT.Start [in 1, out 2, local 8]
	$t0 = HeapAllocZ(24)
	if $t0 goto :null1
	Error("null pointer")
null1:
	local[0] = $t3
	local[1] = $t0
	local[2] = $t2
	local[3] = $t5
	local[4] = $t4
	local[5] = $t7
	local[6] = $t6
	local[7] = $t1
	in[0] = $a0
	$a0 = $t0
	$a1 = 16
	call :Tree.Init
	$t3 = local[0]
	$t0 = local[1]
	$t2 = local[2]
	$t5 = local[3]
	$t4 = local[4]
	$t7 = local[5]
	$t6 = local[6]
	$t1 = local[7]
	$a0 = in[0]
	$t1 = $v0
	if $t0 goto :null2
	Error("null pointer")
null2:
	local[0] = $t3
	local[1] = $t0
	local[2] = $t2
	local[3] = $t5
	local[4] = $t4
	local[5] = $t7
	local[6] = $t6
	local[7] = $t1
	in[0] = $a0
	$a0 = $t0
	call :Tree.Print
	$t3 = local[0]
	$t0 = local[1]
	$t2 = local[2]
	$t5 = local[3]
	$t4 = local[4]
	$t7 = local[5]
	$t6 = local[6]
	$t1 = local[7]
	$a0 = in[0]
	$t1 = $v0
	PrintIntS(100000000)
	if $t0 goto :null3
	Error("null pointer")
null3:
	local[0] = $t3
	local[1] = $t0
	local[2] = $t2
	local[3] = $t5
	local[4] = $t4
	local[5] = $t7
	local[6] = $t6
	local[7] = $t1
	in[0] = $a0
	$a0 = $t0
	$a1 = 8
	call :Tree.Insert
	$t3 = local[0]
	$t0 = local[1]
	$t2 = local[2]
	$t5 = local[3]
	$t4 = local[4]
	$t7 = local[5]
	$t6 = local[6]
	$t1 = local[7]
	$a0 = in[0]
	$t1 = $v0
	if $t0 goto :null4
	Error("null pointer")
null4:
	local[0] = $t3
	local[1] = $t0
	local[2] = $t2
	local[3] = $t5
	local[4] = $t4
	local[5] = $t7
	local[6] = $t6
	local[7] = $t1
	in[0] = $a0
	$a0 = $t0
	call :Tree.Print
	$t3 = local[0]
	$t0 = local[1]
	$t2 = local[2]
	$t5 = local[3]
	$t4 = local[4]
	$t7 = local[5]
	$t6 = local[6]
	$t1 = local[7]
	$a0 = in[0]
	$t1 = $v0
	if $t0 goto :null5
	Error("null pointer")
null5:
	local[0] = $t3
	local[1] = $t0
	local[2] = $t2
	local[3] = $t5
	local[4] = $t4
	local[5] = $t7
	local[6] = $t6
	local[7] = $t1
	in[0] = $a0
	$a0 = $t0
	$a1 = 24
	call :Tree.Insert
	$t3 = local[0]
	$t0 = local[1]
	$t2 = local[2]
	$t5 = local[3]
	$t4 = local[4]
	$t7 = local[5]
	$t6 = local[6]
	$t1 = local[7]
	$a0 = in[0]
	$t1 = $v0
	if $t0 goto :null6
	Error("null pointer")
null6:
	local[0] = $t3
	local[1] = $t0
	local[2] = $t2
	local[3] = $t5
	local[4] = $t4
	local[5] = $t7
	local[6] = $t6
	local[7] = $t1
	in[0] = $a0
	$a0 = $t0
	$a1 = 4
	call :Tree.Insert
	$t3 = local[0]
	$t0 = local[1]
	$t2 = local[2]
	$t5 = local[3]
	$t4 = local[4]
	$t7 = local[5]
	$t6 = local[6]
	$t1 = local[7]
	$a0 = in[0]
	$t1 = $v0
	if $t0 goto :null7
	Error("null pointer")
null7:
	local[0] = $t3
	local[1] = $t0
	local[2] = $t2
	local[3] = $t5
	local[4] = $t4
	local[5] = $t7
	local[6] = $t6
	local[7] = $t1
	in[0] = $a0
	$a0 = $t0
	$a1 = 12
	call :Tree.Insert
	$t3 = local[0]
	$t0 = local[1]
	$t2 = local[2]
	$t5 = local[3]
	$t4 = local[4]
	$t7 = local[5]
	$t6 = local[6]
	$t1 = local[7]
	$a0 = in[0]
	$t1 = $v0
	if $t0 goto :null8
	Error("null pointer")
null8:
	local[0] = $t3
	local[1] = $t0
	local[2] = $t2
	local[3] = $t5
	local[4] = $t4
	local[5] = $t7
	local[6] = $t6
	local[7] = $t1
	in[0] = $a0
	$a0 = $t0
	$a1 = 20
	call :Tree.Insert
	$t3 = local[0]
	$t0 = local[1]
	$t2 = local[2]
	$t5 = local[3]
	$t4 = local[4]
	$t7 = local[5]
	$t6 = local[6]
	$t1 = local[7]
	$a0 = in[0]
	$t1 = $v0
	if $t0 goto :null9
	Error("null pointer")
null9:
	local[0] = $t3
	local[1] = $t0
	local[2] = $t2
	local[3] = $t5
	local[4] = $t4
	local[5] = $t7
	local[6] = $t6
	local[7] = $t1
	in[0] = $a0
	$a0 = $t0
	$a1 = 28
	call :Tree.Insert
	$t3 = local[0]
	$t0 = local[1]
	$t2 = local[2]
	$t5 = local[3]
	$t4 = local[4]
	$t7 = local[5]
	$t6 = local[6]
	$t1 = local[7]
	$a0 = in[0]
	$t1 = $v0
	if $t0 goto :null10
	Error("null pointer")
null10:
	local[0] = $t3
	local[1] = $t0
	local[2] = $t2
	local[3] = $t5
	local[4] = $t4
	local[5] = $t7
	local[6] = $t6
	local[7] = $t1
	in[0] = $a0
	$a0 = $t0
	$a1 = 14
	call :Tree.Insert
	$t3 = local[0]
	$t0 = local[1]
	$t2 = local[2]
	$t5 = local[3]
	$t4 = local[4]
	$t7 = local[5]
	$t6 = local[6]
	$t1 = local[7]
	$a0 = in[0]
	$t1 = $v0
	if $t0 goto :null11
	Error("null pointer")
null11:
	local[0] = $t3
	local[1] = $t0
	local[2] = $t2
	local[3] = $t5
	local[4] = $t4
	local[5] = $t7
	local[6] = $t6
	local[7] = $t1
	in[0] = $a0
	$a0 = $t0
	call :Tree.Print
	$t3 = local[0]
	$t0 = local[1]
	$t2 = local[2]
	$t5 = local[3]
	$t4 = local[4]
	$t7 = local[5]
	$t6 = local[6]
	$t1 = local[7]
	$a0 = in[0]
	$t1 = $v0
	if $t0 goto :null12
	Error("null pointer")
null12:
	local[0] = $t3
	local[1] = $t0
	local[2] = $t2
	local[3] = $t5
	local[4] = $t4
	local[5] = $t7
	local[6] = $t6
	local[7] = $t1
	in[0] = $a0
	$a0 = $t0
	$a1 = 24
	call :Tree.Search
	$t3 = local[0]
	$t0 = local[1]
	$t2 = local[2]
	$t5 = local[3]
	$t4 = local[4]
	$t7 = local[5]
	$t6 = local[6]
	$t1 = local[7]
	$a0 = in[0]
	$t2 = $v0
	PrintIntS($t2)
	if $t0 goto :null13
	Error("null pointer")
null13:
	local[0] = $t3
	local[1] = $t0
	local[2] = $t2
	local[3] = $t5
	local[4] = $t4
	local[5] = $t7
	local[6] = $t6
	local[7] = $t1
	in[0] = $a0
	$a0 = $t0
	$a1 = 12
	call :Tree.Search
	$t3 = local[0]
	$t0 = local[1]
	$t2 = local[2]
	$t5 = local[3]
	$t4 = local[4]
	$t7 = local[5]
	$t6 = local[6]
	$t1 = local[7]
	$a0 = in[0]
	$t3 = $v0
	PrintIntS($t3)
	if $t0 goto :null14
	Error("null pointer")
null14:
	local[0] = $t3
	local[1] = $t0
	local[2] = $t2
	local[3] = $t5
	local[4] = $t4
	local[5] = $t7
	local[6] = $t6
	local[7] = $t1
	in[0] = $a0
	$a0 = $t0
	$a1 = 16
	call :Tree.Search
	$t3 = local[0]
	$t0 = local[1]
	$t2 = local[2]
	$t5 = local[3]
	$t4 = local[4]
	$t7 = local[5]
	$t6 = local[6]
	$t1 = local[7]
	$a0 = in[0]
	$t4 = $v0
	PrintIntS($t4)
	if $t0 goto :null15
	Error("null pointer")
null15:
	local[0] = $t3
	local[1] = $t0
	local[2] = $t2
	local[3] = $t5
	local[4] = $t4
	local[5] = $t7
	local[6] = $t6
	local[7] = $t1
	in[0] = $a0
	$a0 = $t0
	$a1 = 50
	call :Tree.Search
	$t3 = local[0]
	$t0 = local[1]
	$t2 = local[2]
	$t5 = local[3]
	$t4 = local[4]
	$t7 = local[5]
	$t6 = local[6]
	$t1 = local[7]
	$a0 = in[0]
	$t5 = $v0
	PrintIntS($t5)
	if $t0 goto :null16
	Error("null pointer")
null16:
	local[0] = $t3
	local[1] = $t0
	local[2] = $t2
	local[3] = $t5
	local[4] = $t4
	local[5] = $t7
	local[6] = $t6
	local[7] = $t1
	in[0] = $a0
	$a0 = $t0
	$a1 = 12
	call :Tree.Search
	$t3 = local[0]
	$t0 = local[1]
	$t2 = local[2]
	$t5 = local[3]
	$t4 = local[4]
	$t7 = local[5]
	$t6 = local[6]
	$t1 = local[7]
	$a0 = in[0]
	$t6 = $v0
	PrintIntS($t6)
	if $t0 goto :null17
	Error("null pointer")
null17:
	local[0] = $t3
	local[1] = $t0
	local[2] = $t2
	local[3] = $t5
	local[4] = $t4
	local[5] = $t7
	local[6] = $t6
	local[7] = $t1
	in[0] = $a0
	$a0 = $t0
	$a1 = 12
	call :Tree.Delete
	$t3 = local[0]
	$t0 = local[1]
	$t2 = local[2]
	$t5 = local[3]
	$t4 = local[4]
	$t7 = local[5]
	$t6 = local[6]
	$t1 = local[7]
	$a0 = in[0]
	$t1 = $v0
	if $t0 goto :null18
	Error("null pointer")
null18:
	local[0] = $t3
	local[1] = $t0
	local[2] = $t2
	local[3] = $t5
	local[4] = $t4
	local[5] = $t7
	local[6] = $t6
	local[7] = $t1
	in[0] = $a0
	$a0 = $t0
	call :Tree.Print
	$t3 = local[0]
	$t0 = local[1]
	$t2 = local[2]
	$t5 = local[3]
	$t4 = local[4]
	$t7 = local[5]
	$t6 = local[6]
	$t1 = local[7]
	$a0 = in[0]
	$t1 = $v0
	if $t0 goto :null19
	Error("null pointer")
null19:
	local[0] = $t3
	local[1] = $t0
	local[2] = $t2
	local[3] = $t5
	local[4] = $t4
	local[5] = $t7
	local[6] = $t6
	local[7] = $t1
	in[0] = $a0
	$a0 = $t0
	$a1 = 12
	call :Tree.Search
	$t3 = local[0]
	$t0 = local[1]
	$t2 = local[2]
	$t5 = local[3]
	$t4 = local[4]
	$t7 = local[5]
	$t6 = local[6]
	$t1 = local[7]
	$a0 = in[0]
	$t7 = $v0
	PrintIntS($t7)
	$v0 = 0
	ret

func Tree.Init [in 2, out 0, local 2]
	$t1 = $a0
	$t0 = $a1
	[$t1+8] = $a1
	[$t1+12] = 0
	[$t1+16] = 0
	$v0 = 1
	ret

func Tree.SetRight [in 2, out 0, local 2]
	$t1 = $a0
	$t0 = $a1
	[$t1+4] = $a1
	$v0 = 1
	ret

func Tree.SetLeft [in 2, out 0, local 2]
	$t1 = $a0
	$t0 = $a1
	[$a0] = $a1
	$v0 = 1
	ret

func Tree.GetRight [in 1, out 0, local 2]
	$t0 = $a0
	$t1 = [$t0+4]
	$v0 = $t1
	ret

func Tree.GetLeft [in 1, out 0, local 2]
	$t0 = $a0
	$t1 = [$t0]
	$v0 = $t1
	ret

func Tree.GetKey [in 1, out 0, local 2]
	$t0 = $a0
	$t1 = [$t0+8]
	$v0 = $t1
	ret

func Tree.SetKey [in 2, out 0, local 2]
	$t1 = $a0
	$t0 = $a1
	[$t1+8] = $a1
	$v0 = 1
	ret

func Tree.GetHas_Right [in 1, out 0, local 2]
	$t0 = $a0
	$t1 = [$t0+16]
	$v0 = $t1
	ret

func Tree.GetHas_Left [in 1, out 0, local 2]
	$t0 = $a0
	$t1 = [$t0+12]
	$v0 = $t1
	ret

func Tree.SetHas_Left [in 2, out 0, local 2]
	$t1 = $a0
	$t0 = $a1
	[$t1+12] = $a1
	$v0 = 1
	ret

func Tree.SetHas_Right [in 2, out 0, local 2]
	$t1 = $a0
	$t0 = $a1
	[$t1+16] = $a1
	$v0 = 1
	ret

func Tree.Compare [in 3, out 0, local 6]
	$t1 = $a1
	$t0 = $a2
	$t2 = 0
	$t3 = Add($a2 1)
	$t4 = LtS($a1 $a2)
	if0 $t4 goto :if1_else
	$t2 = 0
	goto :if1_end
if1_else:
	$t5 = LtS($a1 $t3)
	if $t5 goto :if2_else
	$t2 = 0
	goto :if2_end
if2_else:
	$t2 = 1
if2_end:
if1_end:
	$v0 = $t2
	ret

func Tree.Insert [in 2, out 2, local 10]
	local[6] = $s0
	$t1 = $a0
	$t0 = $a1
	$t2 = HeapAllocZ(24)
	if $t2 goto :null20
	Error("null pointer")
null20:
	local[0] = $t1
	local[1] = $t4
	local[2] = $t0
	local[3] = $t2
	local[4] = $t8
	local[5] = $t7
	local[7] = $t5
	local[8] = $t3
	local[9] = $t6
	in[0] = $a0
	in[1] = $a1
	$a0 = $t2
	$a1 = $t0
	call :Tree.Init
	$t1 = local[0]
	$t4 = local[1]
	$t0 = local[2]
	$t2 = local[3]
	$t8 = local[4]
	$t7 = local[5]
	$t5 = local[7]
	$t3 = local[8]
	$t6 = local[9]
	$a0 = in[0]
	$a1 = in[1]
	$t3 = $v0
	$t4 = $a0
	$t5 = 1
while1_top:
	if0 $t5 goto :while1_end
	if $t4 goto :null21
	Error("null pointer")
null21:
	local[0] = $t1
	local[1] = $t4
	local[2] = $t0
	local[3] = $t2
	local[4] = $t8
	local[5] = $t7
	local[7] = $t5
	local[8] = $t3
	local[9] = $t6
	in[0] = $a0
	in[1] = $a1
	$a0 = $t4
	call :Tree.GetKey
	$t1 = local[0]
	$t4 = local[1]
	$t0 = local[2]
	$t2 = local[3]
	$t8 = local[4]
	$t7 = local[5]
	$t5 = local[7]
	$t3 = local[8]
	$t6 = local[9]
	$a0 = in[0]
	$a1 = in[1]
	$t6 = $v0
	$t7 = LtS($a1 $t6)
	if0 $t7 goto :if3_else
	if $t4 goto :null22
	Error("null pointer")
null22:
	local[0] = $t1
	local[1] = $t4
	local[2] = $t0
	local[3] = $t2
	local[4] = $t8
	local[5] = $t7
	local[7] = $t5
	local[8] = $t3
	local[9] = $t6
	in[0] = $a0
	in[1] = $a1
	$a0 = $t4
	call :Tree.GetHas_Left
	$t1 = local[0]
	$t4 = local[1]
	$t0 = local[2]
	$t2 = local[3]
	$t8 = local[4]
	$t7 = local[5]
	$t5 = local[7]
	$t3 = local[8]
	$t6 = local[9]
	$a0 = in[0]
	$a1 = in[1]
	$t8 = $v0
	if0 $t8 goto :if4_else
	if $t4 goto :null23
	Error("null pointer")
null23:
	local[0] = $t1
	local[1] = $t4
	local[2] = $t0
	local[3] = $t2
	local[4] = $t8
	local[5] = $t7
	local[7] = $t5
	local[8] = $t3
	local[9] = $t6
	in[0] = $a0
	in[1] = $a1
	$a0 = $t4
	call :Tree.GetLeft
	$t1 = local[0]
	$t4 = local[1]
	$t0 = local[2]
	$t2 = local[3]
	$t8 = local[4]
	$t7 = local[5]
	$t5 = local[7]
	$t3 = local[8]
	$t6 = local[9]
	$a0 = in[0]
	$a1 = in[1]
	$t4 = $v0
	goto :if4_end
if4_else:
	$t5 = 0
	if $t4 goto :null24
	Error("null pointer")
null24:
	local[0] = $t1
	local[1] = $t4
	local[2] = $t0
	local[3] = $t2
	local[4] = $t8
	local[5] = $t7
	local[7] = $t5
	local[8] = $t3
	local[9] = $t6
	in[0] = $a0
	in[1] = $a1
	$a0 = $t4
	$a1 = 1
	call :Tree.SetHas_Left
	$t1 = local[0]
	$t4 = local[1]
	$t0 = local[2]
	$t2 = local[3]
	$t8 = local[4]
	$t7 = local[5]
	$t5 = local[7]
	$t3 = local[8]
	$t6 = local[9]
	$a0 = in[0]
	$a1 = in[1]
	$t3 = $v0
	if $t4 goto :null25
	Error("null pointer")
null25:
	local[0] = $t1
	local[1] = $t4
	local[2] = $t0
	local[3] = $t2
	local[4] = $t8
	local[5] = $t7
	local[7] = $t5
	local[8] = $t3
	local[9] = $t6
	in[0] = $a0
	in[1] = $a1
	$a0 = $t4
	$a1 = $t2
	call :Tree.SetLeft
	$t1 = local[0]
	$t4 = local[1]
	$t0 = local[2]
	$t2 = local[3]
	$t8 = local[4]
	$t7 = local[5]
	$t5 = local[7]
	$t3 = local[8]
	$t6 = local[9]
	$a0 = in[0]
	$a1 = in[1]
	$t3 = $v0
if4_end:
	goto :if3_end
if3_else:
	if $t4 goto :null26
	Error("null pointer")
null26:
	local[0] = $t1
	local[1] = $t4
	local[2] = $t0
	local[3] = $t2
	local[4] = $t8
	local[5] = $t7
	local[7] = $t5
	local[8] = $t3
	local[9] = $t6
	in[0] = $a0
	in[1] = $a1
	$a0 = $t4
	call :Tree.GetHas_Right
	$t1 = local[0]
	$t4 = local[1]
	$t0 = local[2]
	$t2 = local[3]
	$t8 = local[4]
	$t7 = local[5]
	$t5 = local[7]
	$t3 = local[8]
	$t6 = local[9]
	$a0 = in[0]
	$a1 = in[1]
	$s0 = $v0
	if0 $s0 goto :if5_else
	if $t4 goto :null27
	Error("null pointer")
null27:
	local[0] = $t1
	local[1] = $t4
	local[2] = $t0
	local[3] = $t2
	local[4] = $t8
	local[5] = $t7
	local[7] = $t5
	local[8] = $t3
	local[9] = $t6
	in[0] = $a0
	in[1] = $a1
	$a0 = $t4
	call :Tree.GetRight
	$t1 = local[0]
	$t4 = local[1]
	$t0 = local[2]
	$t2 = local[3]
	$t8 = local[4]
	$t7 = local[5]
	$t5 = local[7]
	$t3 = local[8]
	$t6 = local[9]
	$a0 = in[0]
	$a1 = in[1]
	$t4 = $v0
	goto :if5_end
if5_else:
	$t5 = 0
	if $t4 goto :null28
	Error("null pointer")
null28:
	local[0] = $t1
	local[1] = $t4
	local[2] = $t0
	local[3] = $t2
	local[4] = $t8
	local[5] = $t7
	local[7] = $t5
	local[8] = $t3
	local[9] = $t6
	in[0] = $a0
	in[1] = $a1
	$a0 = $t4
	$a1 = 1
	call :Tree.SetHas_Right
	$t1 = local[0]
	$t4 = local[1]
	$t0 = local[2]
	$t2 = local[3]
	$t8 = local[4]
	$t7 = local[5]
	$t5 = local[7]
	$t3 = local[8]
	$t6 = local[9]
	$a0 = in[0]
	$a1 = in[1]
	$t3 = $v0
	if $t4 goto :null29
	Error("null pointer")
null29:
	local[0] = $t1
	local[1] = $t4
	local[2] = $t0
	local[3] = $t2
	local[4] = $t8
	local[5] = $t7
	local[7] = $t5
	local[8] = $t3
	local[9] = $t6
	in[0] = $a0
	in[1] = $a1
	$a0 = $t4
	$a1 = $t2
	call :Tree.SetRight
	$t1 = local[0]
	$t4 = local[1]
	$t0 = local[2]
	$t2 = local[3]
	$t8 = local[4]
	$t7 = local[5]
	$t5 = local[7]
	$t3 = local[8]
	$t6 = local[9]
	$a0 = in[0]
	$a1 = in[1]
	$t3 = $v0
if5_end:
if3_end:
	goto :while1_top
while1_end:
	$v0 = 1
	$s0 = local[6]
	ret

func Tree.Delete [in 2, out 3, local 15]
	local[6] = $s0
	local[9] = $s2
	local[10] = $s1
	local[11] = $s4
	local[12] = $s3
	local[14] = $s5
	$t0 = $a0
	$t1 = $a1
	$t2 = $a0
	$t3 = $a0
	$t4 = 1
	$t5 = 0
	$t6 = 1
while2_top:
	if0 $t4 goto :while2_end
	if $t2 goto :null30
	Error("null pointer")
null30:
	local[0] = $t2
	local[1] = $t6
	local[2] = $t7
	local[3] = $t0
	local[4] = $t5
	local[5] = $t1
	local[7] = $t3
	local[8] = $t8
	local[13] = $t4
	in[0] = $a0
	in[1] = $a1
	$a0 = $t2
	call :Tree.GetKey
	$t2 = local[0]
	$t6 = local[1]
	$t7 = local[2]
	$t0 = local[3]
	$t5 = local[4]
	$t1 = local[5]
	$t3 = local[7]
	$t8 = local[8]
	$t4 = local[13]
	$a0 = in[0]
	$a1 = in[1]
	$t7 = $v0
	$t8 = LtS($a1 $t7)
	if0 $t8 goto :if6_else
	if $t2 goto :null31
	Error("null pointer")
null31:
	local[0] = $t2
	local[1] = $t6
	local[2] = $t7
	local[3] = $t0
	local[4] = $t5
	local[5] = $t1
	local[7] = $t3
	local[8] = $t8
	local[13] = $t4
	in[0] = $a0
	in[1] = $a1
	$a0 = $t2
	call :Tree.GetHas_Left
	$t2 = local[0]
	$t6 = local[1]
	$t7 = local[2]
	$t0 = local[3]
	$t5 = local[4]
	$t1 = local[5]
	$t3 = local[7]
	$t8 = local[8]
	$t4 = local[13]
	$a0 = in[0]
	$a1 = in[1]
	$s0 = $v0
	if0 $s0 goto :if7_else
	$t3 = $t2
	if $t2 goto :null32
	Error("null pointer")
null32:
	local[0] = $t2
	local[1] = $t6
	local[2] = $t7
	local[3] = $t0
	local[4] = $t5
	local[5] = $t1
	local[7] = $t3
	local[8] = $t8
	local[13] = $t4
	in[0] = $a0
	in[1] = $a1
	$a0 = $t2
	call :Tree.GetLeft
	$t2 = local[0]
	$t6 = local[1]
	$t7 = local[2]
	$t0 = local[3]
	$t5 = local[4]
	$t1 = local[5]
	$t3 = local[7]
	$t8 = local[8]
	$t4 = local[13]
	$a0 = in[0]
	$a1 = in[1]
	$t2 = $v0
	goto :if7_end
if7_else:
	$t4 = 0
if7_end:
	goto :if6_end
if6_else:
	$s1 = LtS($t7 $a1)
	if0 $s1 goto :if8_else
	if $t2 goto :null33
	Error("null pointer")
null33:
	local[0] = $t2
	local[1] = $t6
	local[2] = $t7
	local[3] = $t0
	local[4] = $t5
	local[5] = $t1
	local[7] = $t3
	local[8] = $t8
	local[13] = $t4
	in[0] = $a0
	in[1] = $a1
	$a0 = $t2
	call :Tree.GetHas_Right
	$t2 = local[0]
	$t6 = local[1]
	$t7 = local[2]
	$t0 = local[3]
	$t5 = local[4]
	$t1 = local[5]
	$t3 = local[7]
	$t8 = local[8]
	$t4 = local[13]
	$a0 = in[0]
	$a1 = in[1]
	$s2 = $v0
	if0 $s2 goto :if9_else
	$t3 = $t2
	if $t2 goto :null34
	Error("null pointer")
null34:
	local[0] = $t2
	local[1] = $t6
	local[2] = $t7
	local[3] = $t0
	local[4] = $t5
	local[5] = $t1
	local[7] = $t3
	local[8] = $t8
	local[13] = $t4
	in[0] = $a0
	in[1] = $a1
	$a0 = $t2
	call :Tree.GetRight
	$t2 = local[0]
	$t6 = local[1]
	$t7 = local[2]
	$t0 = local[3]
	$t5 = local[4]
	$t1 = local[5]
	$t3 = local[7]
	$t8 = local[8]
	$t4 = local[13]
	$a0 = in[0]
	$a1 = in[1]
	$t2 = $v0
	goto :if9_end
if9_else:
	$t4 = 0
if9_end:
	goto :if8_end
if8_else:
	if0 $t6 goto :if10_else
	if $t2 goto :null35
	Error("null pointer")
null35:
	local[0] = $t2
	local[1] = $t6
	local[2] = $t7
	local[3] = $t0
	local[4] = $t5
	local[5] = $t1
	local[7] = $t3
	local[8] = $t8
	local[13] = $t4
	in[0] = $a0
	in[1] = $a1
	$a0 = $t2
	call :Tree.GetHas_Right
	$t2 = local[0]
	$t6 = local[1]
	$t7 = local[2]
	$t0 = local[3]
	$t5 = local[4]
	$t1 = local[5]
	$t3 = local[7]
	$t8 = local[8]
	$t4 = local[13]
	$a0 = in[0]
	$a1 = in[1]
	$s3 = $v0
	if $s3 goto :if11_else
	if $t2 goto :null36
	Error("null pointer")
null36:
	local[0] = $t2
	local[1] = $t6
	local[2] = $t7
	local[3] = $t0
	local[4] = $t5
	local[5] = $t1
	local[7] = $t3
	local[8] = $t8
	local[13] = $t4
	in[0] = $a0
	in[1] = $a1
	$a0 = $t2
	call :Tree.GetHas_Left
	$t2 = local[0]
	$t6 = local[1]
	$t7 = local[2]
	$t0 = local[3]
	$t5 = local[4]
	$t1 = local[5]
	$t3 = local[7]
	$t8 = local[8]
	$t4 = local[13]
	$a0 = in[0]
	$a1 = in[1]
	$s4 = $v0
	if $s4 goto :if11_else
	$s5 = 1
	goto :if11_end
if11_else:
	local[0] = $t2
	local[1] = $t6
	local[2] = $t7
	local[3] = $t0
	local[4] = $t5
	local[5] = $t1
	local[7] = $t3
	local[8] = $t8
	local[13] = $t4
	in[0] = $a0
	in[1] = $a1
	$a0 = $t0
	$a1 = $t3
	$a2 = $t2
	call :Tree.Remove
	$t2 = local[0]
	$t6 = local[1]
	$t7 = local[2]
	$t0 = local[3]
	$t5 = local[4]
	$t1 = local[5]
	$t3 = local[7]
	$t8 = local[8]
	$t4 = local[13]
	$a0 = in[0]
	$a1 = in[1]
	$s5 = $v0
if11_end:
	goto :if10_end
if10_else:
	local[0] = $t2
	local[1] = $t6
	local[2] = $t7
	local[3] = $t0
	local[4] = $t5
	local[5] = $t1
	local[7] = $t3
	local[8] = $t8
	local[13] = $t4
	in[0] = $a0
	in[1] = $a1
	$a0 = $t0
	$a1 = $t3
	$a2 = $t2
	call :Tree.Remove
	$t2 = local[0]
	$t6 = local[1]
	$t7 = local[2]
	$t0 = local[3]
	$t5 = local[4]
	$t1 = local[5]
	$t3 = local[7]
	$t8 = local[8]
	$t4 = local[13]
	$a0 = in[0]
	$a1 = in[1]
	$s5 = $v0
if10_end:
	$t5 = 1
	$t4 = 0
if8_end:
if6_end:
	$t6 = 0
	goto :while2_top
while2_end:
	$v0 = $t5
	$s0 = local[6]
	$s2 = local[9]
	$s1 = local[10]
	$s4 = local[11]
	$s3 = local[12]
	$s5 = local[14]
	ret

func Tree.Remove [in 3, out 3, local 12]
	local[7] = $s0
	local[9] = $s2
	local[10] = $s1
	$t1 = $a0
	$t2 = $a1
	$t0 = $a2
	if $t0 goto :null37
	Error("null pointer")
null37:
	local[0] = $t6
	local[1] = $t8
	local[2] = $t1
	local[3] = $t2
	local[4] = $t0
	local[5] = $t5
	local[6] = $t3
	local[8] = $t7
	local[11] = $t4
	in[0] = $a0
	in[1] = $a1
	in[2] = $a2
	$a0 = $t0
	call :Tree.GetHas_Left
	$t6 = local[0]
	$t8 = local[1]
	$t1 = local[2]
	$t2 = local[3]
	$t0 = local[4]
	$t5 = local[5]
	$t3 = local[6]
	$t7 = local[8]
	$t4 = local[11]
	$a0 = in[0]
	$a1 = in[1]
	$a2 = in[2]
	$t3 = $v0
	if0 $t3 goto :if12_else
	local[0] = $t6
	local[1] = $t8
	local[2] = $t1
	local[3] = $t2
	local[4] = $t0
	local[5] = $t5
	local[6] = $t3
	local[8] = $t7
	local[11] = $t4
	in[0] = $a0
	in[1] = $a1
	in[2] = $a2
	$a0 = $t1
	$a1 = $t2
	$a2 = $t0
	call :Tree.RemoveLeft
	$t6 = local[0]
	$t8 = local[1]
	$t1 = local[2]
	$t2 = local[3]
	$t0 = local[4]
	$t5 = local[5]
	$t3 = local[6]
	$t7 = local[8]
	$t4 = local[11]
	$a0 = in[0]
	$a1 = in[1]
	$a2 = in[2]
	$t4 = $v0
	goto :if12_end
if12_else:
	if $t0 goto :null38
	Error("null pointer")
null38:
	local[0] = $t6
	local[1] = $t8
	local[2] = $t1
	local[3] = $t2
	local[4] = $t0
	local[5] = $t5
	local[6] = $t3
	local[8] = $t7
	local[11] = $t4
	in[0] = $a0
	in[1] = $a1
	in[2] = $a2
	$a0 = $t0
	call :Tree.GetHas_Right
	$t6 = local[0]
	$t8 = local[1]
	$t1 = local[2]
	$t2 = local[3]
	$t0 = local[4]
	$t5 = local[5]
	$t3 = local[6]
	$t7 = local[8]
	$t4 = local[11]
	$a0 = in[0]
	$a1 = in[1]
	$a2 = in[2]
	$t5 = $v0
	if0 $t5 goto :if13_else
	local[0] = $t6
	local[1] = $t8
	local[2] = $t1
	local[3] = $t2
	local[4] = $t0
	local[5] = $t5
	local[6] = $t3
	local[8] = $t7
	local[11] = $t4
	in[0] = $a0
	in[1] = $a1
	in[2] = $a2
	$a0 = $t1
	$a1 = $t2
	$a2 = $t0
	call :Tree.RemoveRight
	$t6 = local[0]
	$t8 = local[1]
	$t1 = local[2]
	$t2 = local[3]
	$t0 = local[4]
	$t5 = local[5]
	$t3 = local[6]
	$t7 = local[8]
	$t4 = local[11]
	$a0 = in[0]
	$a1 = in[1]
	$a2 = in[2]
	$t4 = $v0
	goto :if13_end
if13_else:
	if $t0 goto :null39
	Error("null pointer")
null39:
	local[0] = $t6
	local[1] = $t8
	local[2] = $t1
	local[3] = $t2
	local[4] = $t0
	local[5] = $t5
	local[6] = $t3
	local[8] = $t7
	local[11] = $t4
	in[0] = $a0
	in[1] = $a1
	in[2] = $a2
	$a0 = $t0
	call :Tree.GetKey
	$t6 = local[0]
	$t8 = local[1]
	$t1 = local[2]
	$t2 = local[3]
	$t0 = local[4]
	$t5 = local[5]
	$t3 = local[6]
	$t7 = local[8]
	$t4 = local[11]
	$a0 = in[0]
	$a1 = in[1]
	$a2 = in[2]
	$t6 = $v0
	if $t2 goto :null40
	Error("null pointer")
null40:
	local[0] = $t6
	local[1] = $t8
	local[2] = $t1
	local[3] = $t2
	local[4] = $t0
	local[5] = $t5
	local[6] = $t3
	local[8] = $t7
	local[11] = $t4
	in[0] = $a0
	in[1] = $a1
	in[2] = $a2
	$a0 = $t2
	call :Tree.GetLeft
	$t6 = local[0]
	$t8 = local[1]
	$t1 = local[2]
	$t2 = local[3]
	$t0 = local[4]
	$t5 = local[5]
	$t3 = local[6]
	$t7 = local[8]
	$t4 = local[11]
	$a0 = in[0]
	$a1 = in[1]
	$a2 = in[2]
	$t7 = $v0
	if $t7 goto :null41
	Error("null pointer")
null41:
	local[0] = $t6
	local[1] = $t8
	local[2] = $t1
	local[3] = $t2
	local[4] = $t0
	local[5] = $t5
	local[6] = $t3
	local[8] = $t7
	local[11] = $t4
	in[0] = $a0
	in[1] = $a1
	in[2] = $a2
	$a0 = $t7
	call :Tree.GetKey
	$t6 = local[0]
	$t8 = local[1]
	$t1 = local[2]
	$t2 = local[3]
	$t0 = local[4]
	$t5 = local[5]
	$t3 = local[6]
	$t7 = local[8]
	$t4 = local[11]
	$a0 = in[0]
	$a1 = in[1]
	$a2 = in[2]
	$t8 = $v0
	local[0] = $t6
	local[1] = $t8
	local[2] = $t1
	local[3] = $t2
	local[4] = $t0
	local[5] = $t5
	local[6] = $t3
	local[8] = $t7
	local[11] = $t4
	in[0] = $a0
	in[1] = $a1
	in[2] = $a2
	$a0 = $t1
	$a1 = $t6
	$a2 = $t8
	call :Tree.Compare
	$t6 = local[0]
	$t8 = local[1]
	$t1 = local[2]
	$t2 = local[3]
	$t0 = local[4]
	$t5 = local[5]
	$t3 = local[6]
	$t7 = local[8]
	$t4 = local[11]
	$a0 = in[0]
	$a1 = in[1]
	$a2 = in[2]
	$s0 = $v0
	if0 $s0 goto :if14_else
	if $t2 goto :null42
	Error("null pointer")
null42:
	$s1 = [$t1+20]
	local[0] = $t6
	local[1] = $t8
	local[2] = $t1
	local[3] = $t2
	local[4] = $t0
	local[5] = $t5
	local[6] = $t3
	local[8] = $t7
	local[11] = $t4
	in[0] = $a0
	in[1] = $a1
	in[2] = $a2
	$a0 = $t2
	$a1 = $s1
	call :Tree.SetLeft
	$t6 = local[0]
	$t8 = local[1]
	$t1 = local[2]
	$t2 = local[3]
	$t0 = local[4]
	$t5 = local[5]
	$t3 = local[6]
	$t7 = local[8]
	$t4 = local[11]
	$a0 = in[0]
	$a1 = in[1]
	$a2 = in[2]
	$t4 = $v0
	if $t2 goto :null43
	Error("null pointer")
null43:
	local[0] = $t6
	local[1] = $t8
	local[2] = $t1
	local[3] = $t2
	local[4] = $t0
	local[5] = $t5
	local[6] = $t3
	local[8] = $t7
	local[11] = $t4
	in[0] = $a0
	in[1] = $a1
	in[2] = $a2
	$a0 = $t2
	$a1 = 0
	call :Tree.SetHas_Left
	$t6 = local[0]
	$t8 = local[1]
	$t1 = local[2]
	$t2 = local[3]
	$t0 = local[4]
	$t5 = local[5]
	$t3 = local[6]
	$t7 = local[8]
	$t4 = local[11]
	$a0 = in[0]
	$a1 = in[1]
	$a2 = in[2]
	$t4 = $v0
	goto :if14_end
if14_else:
	if $t2 goto :null44
	Error("null pointer")
null44:
	$s2 = [$t1+20]
	local[0] = $t6
	local[1] = $t8
	local[2] = $t1
	local[3] = $t2
	local[4] = $t0
	local[5] = $t5
	local[6] = $t3
	local[8] = $t7
	local[11] = $t4
	in[0] = $a0
	in[1] = $a1
	in[2] = $a2
	$a0 = $t2
	$a1 = $s2
	call :Tree.SetRight
	$t6 = local[0]
	$t8 = local[1]
	$t1 = local[2]
	$t2 = local[3]
	$t0 = local[4]
	$t5 = local[5]
	$t3 = local[6]
	$t7 = local[8]
	$t4 = local[11]
	$a0 = in[0]
	$a1 = in[1]
	$a2 = in[2]
	$t4 = $v0
	if $t2 goto :null45
	Error("null pointer")
null45:
	local[0] = $t6
	local[1] = $t8
	local[2] = $t1
	local[3] = $t2
	local[4] = $t0
	local[5] = $t5
	local[6] = $t3
	local[8] = $t7
	local[11] = $t4
	in[0] = $a0
	in[1] = $a1
	in[2] = $a2
	$a0 = $t2
	$a1 = 0
	call :Tree.SetHas_Right
	$t6 = local[0]
	$t8 = local[1]
	$t1 = local[2]
	$t2 = local[3]
	$t0 = local[4]
	$t5 = local[5]
	$t3 = local[6]
	$t7 = local[8]
	$t4 = local[11]
	$a0 = in[0]
	$a1 = in[1]
	$a2 = in[2]
	$t4 = $v0
if14_end:
if13_end:
if12_end:
	$v0 = 1
	$s0 = local[7]
	$s2 = local[9]
	$s1 = local[10]
	ret

func Tree.RemoveRight [in 3, out 2, local 8]
	$t2 = $a0
	$t1 = $a1
	$t0 = $a2
while3_top:
	if $t0 goto :null46
	Error("null pointer")
null46:
	local[0] = $t2
	local[1] = $t1
	local[2] = $t0
	local[3] = $t4
	local[4] = $t3
	local[5] = $t7
	local[6] = $t5
	local[7] = $t6
	in[0] = $a0
	in[1] = $a1
	in[2] = $a2
	$a0 = $t0
	call :Tree.GetHas_Right
	$t2 = local[0]
	$t1 = local[1]
	$t0 = local[2]
	$t4 = local[3]
	$t3 = local[4]
	$t7 = local[5]
	$t5 = local[6]
	$t6 = local[7]
	$a0 = in[0]
	$a1 = in[1]
	$a2 = in[2]
	$t3 = $v0
	if0 $t3 goto :while3_end
	if $t0 goto :null47
	Error("null pointer")
null47:
	if $t0 goto :null48
	Error("null pointer")
null48:
	local[0] = $t2
	local[1] = $t1
	local[2] = $t0
	local[3] = $t4
	local[4] = $t3
	local[5] = $t7
	local[6] = $t5
	local[7] = $t6
	in[0] = $a0
	in[1] = $a1
	in[2] = $a2
	$a0 = $t0
	call :Tree.GetRight
	$t2 = local[0]
	$t1 = local[1]
	$t0 = local[2]
	$t4 = local[3]
	$t3 = local[4]
	$t7 = local[5]
	$t5 = local[6]
	$t6 = local[7]
	$a0 = in[0]
	$a1 = in[1]
	$a2 = in[2]
	$t4 = $v0
	if $t4 goto :null49
	Error("null pointer")
null49:
	local[0] = $t2
	local[1] = $t1
	local[2] = $t0
	local[3] = $t4
	local[4] = $t3
	local[5] = $t7
	local[6] = $t5
	local[7] = $t6
	in[0] = $a0
	in[1] = $a1
	in[2] = $a2
	$a0 = $t4
	call :Tree.GetKey
	$t2 = local[0]
	$t1 = local[1]
	$t0 = local[2]
	$t4 = local[3]
	$t3 = local[4]
	$t7 = local[5]
	$t5 = local[6]
	$t6 = local[7]
	$a0 = in[0]
	$a1 = in[1]
	$a2 = in[2]
	$t5 = $v0
	local[0] = $t2
	local[1] = $t1
	local[2] = $t0
	local[3] = $t4
	local[4] = $t3
	local[5] = $t7
	local[6] = $t5
	local[7] = $t6
	in[0] = $a0
	in[1] = $a1
	in[2] = $a2
	$a0 = $t0
	$a1 = $t5
	call :Tree.SetKey
	$t2 = local[0]
	$t1 = local[1]
	$t0 = local[2]
	$t4 = local[3]
	$t3 = local[4]
	$t7 = local[5]
	$t5 = local[6]
	$t6 = local[7]
	$a0 = in[0]
	$a1 = in[1]
	$a2 = in[2]
	$t6 = $v0
	$a1 = $a2
	if $t0 goto :null50
	Error("null pointer")
null50:
	local[0] = $t2
	local[1] = $t1
	local[2] = $t0
	local[3] = $t4
	local[4] = $t3
	local[5] = $t7
	local[6] = $t5
	local[7] = $t6
	in[0] = $a0
	in[1] = $a1
	in[2] = $a2
	$a0 = $t0
	call :Tree.GetRight
	$t2 = local[0]
	$t1 = local[1]
	$t0 = local[2]
	$t4 = local[3]
	$t3 = local[4]
	$t7 = local[5]
	$t5 = local[6]
	$t6 = local[7]
	$a0 = in[0]
	$a1 = in[1]
	$a2 = in[2]
	$a2 = $v0
	goto :while3_top
while3_end:
	if $t1 goto :null51
	Error("null pointer")
null51:
	$t7 = [$t2+20]
	local[0] = $t2
	local[1] = $t1
	local[2] = $t0
	local[3] = $t4
	local[4] = $t3
	local[5] = $t7
	local[6] = $t5
	local[7] = $t6
	in[0] = $a0
	in[1] = $a1
	in[2] = $a2
	$a0 = $t1
	$a1 = $t7
	call :Tree.SetRight
	$t2 = local[0]
	$t1 = local[1]
	$t0 = local[2]
	$t4 = local[3]
	$t3 = local[4]
	$t7 = local[5]
	$t5 = local[6]
	$t6 = local[7]
	$a0 = in[0]
	$a1 = in[1]
	$a2 = in[2]
	$t6 = $v0
	if $t1 goto :null52
	Error("null pointer")
null52:
	local[0] = $t2
	local[1] = $t1
	local[2] = $t0
	local[3] = $t4
	local[4] = $t3
	local[5] = $t7
	local[6] = $t5
	local[7] = $t6
	in[0] = $a0
	in[1] = $a1
	in[2] = $a2
	$a0 = $t1
	$a1 = 0
	call :Tree.SetHas_Right
	$t2 = local[0]
	$t1 = local[1]
	$t0 = local[2]
	$t4 = local[3]
	$t3 = local[4]
	$t7 = local[5]
	$t5 = local[6]
	$t6 = local[7]
	$a0 = in[0]
	$a1 = in[1]
	$a2 = in[2]
	$t6 = $v0
	$v0 = 1
	ret

func Tree.RemoveLeft [in 3, out 2, local 8]
	$t2 = $a0
	$t1 = $a1
	$t0 = $a2
while4_top:
	if $t0 goto :null53
	Error("null pointer")
null53:
	local[0] = $t2
	local[1] = $t1
	local[2] = $t0
	local[3] = $t4
	local[4] = $t3
	local[5] = $t7
	local[6] = $t5
	local[7] = $t6
	in[0] = $a0
	in[1] = $a1
	in[2] = $a2
	$a0 = $t0
	call :Tree.GetHas_Left
	$t2 = local[0]
	$t1 = local[1]
	$t0 = local[2]
	$t4 = local[3]
	$t3 = local[4]
	$t7 = local[5]
	$t5 = local[6]
	$t6 = local[7]
	$a0 = in[0]
	$a1 = in[1]
	$a2 = in[2]
	$t3 = $v0
	if0 $t3 goto :while4_end
	if $t0 goto :null54
	Error("null pointer")
null54:
	if $t0 goto :null55
	Error("null pointer")
null55:
	local[0] = $t2
	local[1] = $t1
	local[2] = $t0
	local[3] = $t4
	local[4] = $t3
	local[5] = $t7
	local[6] = $t5
	local[7] = $t6
	in[0] = $a0
	in[1] = $a1
	in[2] = $a2
	$a0 = $t0
	call :Tree.GetLeft
	$t2 = local[0]
	$t1 = local[1]
	$t0 = local[2]
	$t4 = local[3]
	$t3 = local[4]
	$t7 = local[5]
	$t5 = local[6]
	$t6 = local[7]
	$a0 = in[0]
	$a1 = in[1]
	$a2 = in[2]
	$t4 = $v0
	if $t4 goto :null56
	Error("null pointer")
null56:
	local[0] = $t2
	local[1] = $t1
	local[2] = $t0
	local[3] = $t4
	local[4] = $t3
	local[5] = $t7
	local[6] = $t5
	local[7] = $t6
	in[0] = $a0
	in[1] = $a1
	in[2] = $a2
	$a0 = $t4
	call :Tree.GetKey
	$t2 = local[0]
	$t1 = local[1]
	$t0 = local[2]
	$t4 = local[3]
	$t3 = local[4]
	$t7 = local[5]
	$t5 = local[6]
	$t6 = local[7]
	$a0 = in[0]
	$a1 = in[1]
	$a2 = in[2]
	$t5 = $v0
	local[0] = $t2
	local[1] = $t1
	local[2] = $t0
	local[3] = $t4
	local[4] = $t3
	local[5] = $t7
	local[6] = $t5
	local[7] = $t6
	in[0] = $a0
	in[1] = $a1
	in[2] = $a2
	$a0 = $t0
	$a1 = $t5
	call :Tree.SetKey
	$t2 = local[0]
	$t1 = local[1]
	$t0 = local[2]
	$t4 = local[3]
	$t3 = local[4]
	$t7 = local[5]
	$t5 = local[6]
	$t6 = local[7]
	$a0 = in[0]
	$a1 = in[1]
	$a2 = in[2]
	$t6 = $v0
	$a1 = $a2
	if $t0 goto :null57
	Error("null pointer")
null57:
	local[0] = $t2
	local[1] = $t1
	local[2] = $t0
	local[3] = $t4
	local[4] = $t3
	local[5] = $t7
	local[6] = $t5
	local[7] = $t6
	in[0] = $a0
	in[1] = $a1
	in[2] = $a2
	$a0 = $t0
	call :Tree.GetLeft
	$t2 = local[0]
	$t1 = local[1]
	$t0 = local[2]
	$t4 = local[3]
	$t3 = local[4]
	$t7 = local[5]
	$t5 = local[6]
	$t6 = local[7]
	$a0 = in[0]
	$a1 = in[1]
	$a2 = in[2]
	$a2 = $v0
	goto :while4_top
while4_end:
	if $t1 goto :null58
	Error("null pointer")
null58:
	$t7 = [$t2+20]
	local[0] = $t2
	local[1] = $t1
	local[2] = $t0
	local[3] = $t4
	local[4] = $t3
	local[5] = $t7
	local[6] = $t5
	local[7] = $t6
	in[0] = $a0
	in[1] = $a1
	in[2] = $a2
	$a0 = $t1
	$a1 = $t7
	call :Tree.SetLeft
	$t2 = local[0]
	$t1 = local[1]
	$t0 = local[2]
	$t4 = local[3]
	$t3 = local[4]
	$t7 = local[5]
	$t5 = local[6]
	$t6 = local[7]
	$a0 = in[0]
	$a1 = in[1]
	$a2 = in[2]
	$t6 = $v0
	if $t1 goto :null59
	Error("null pointer")
null59:
	local[0] = $t2
	local[1] = $t1
	local[2] = $t0
	local[3] = $t4
	local[4] = $t3
	local[5] = $t7
	local[6] = $t5
	local[7] = $t6
	in[0] = $a0
	in[1] = $a1
	in[2] = $a2
	$a0 = $t1
	$a1 = 0
	call :Tree.SetHas_Left
	$t2 = local[0]
	$t1 = local[1]
	$t0 = local[2]
	$t4 = local[3]
	$t3 = local[4]
	$t7 = local[5]
	$t5 = local[6]
	$t6 = local[7]
	$a0 = in[0]
	$a1 = in[1]
	$a2 = in[2]
	$t6 = $v0
	$v0 = 1
	ret

func Tree.Search [in 2, out 1, local 10]
	local[6] = $s0
	$t0 = $a0
	$t1 = $a1
	$t2 = $a0
	$t3 = 1
	$t4 = 0
while5_top:
	if0 $t3 goto :while5_end
	if $t2 goto :null60
	Error("null pointer")
null60:
	local[0] = $t0
	local[1] = $t2
	local[2] = $t1
	local[3] = $t7
	local[4] = $t4
	local[5] = $t6
	local[7] = $t8
	local[8] = $t3
	local[9] = $t5
	in[0] = $a0
	in[1] = $a1
	$a0 = $t2
	call :Tree.GetKey
	$t0 = local[0]
	$t2 = local[1]
	$t1 = local[2]
	$t7 = local[3]
	$t4 = local[4]
	$t6 = local[5]
	$t8 = local[7]
	$t3 = local[8]
	$t5 = local[9]
	$a0 = in[0]
	$a1 = in[1]
	$t5 = $v0
	$t6 = LtS($a1 $t5)
	if0 $t6 goto :if15_else
	if $t2 goto :null61
	Error("null pointer")
null61:
	local[0] = $t0
	local[1] = $t2
	local[2] = $t1
	local[3] = $t7
	local[4] = $t4
	local[5] = $t6
	local[7] = $t8
	local[8] = $t3
	local[9] = $t5
	in[0] = $a0
	in[1] = $a1
	$a0 = $t2
	call :Tree.GetHas_Left
	$t0 = local[0]
	$t2 = local[1]
	$t1 = local[2]
	$t7 = local[3]
	$t4 = local[4]
	$t6 = local[5]
	$t8 = local[7]
	$t3 = local[8]
	$t5 = local[9]
	$a0 = in[0]
	$a1 = in[1]
	$t7 = $v0
	if0 $t7 goto :if16_else
	if $t2 goto :null62
	Error("null pointer")
null62:
	local[0] = $t0
	local[1] = $t2
	local[2] = $t1
	local[3] = $t7
	local[4] = $t4
	local[5] = $t6
	local[7] = $t8
	local[8] = $t3
	local[9] = $t5
	in[0] = $a0
	in[1] = $a1
	$a0 = $t2
	call :Tree.GetLeft
	$t0 = local[0]
	$t2 = local[1]
	$t1 = local[2]
	$t7 = local[3]
	$t4 = local[4]
	$t6 = local[5]
	$t8 = local[7]
	$t3 = local[8]
	$t5 = local[9]
	$a0 = in[0]
	$a1 = in[1]
	$t2 = $v0
	goto :if16_end
if16_else:
	$t3 = 0
if16_end:
	goto :if15_end
if15_else:
	$t8 = LtS($t5 $a1)
	if0 $t8 goto :if17_else
	if $t2 goto :null63
	Error("null pointer")
null63:
	local[0] = $t0
	local[1] = $t2
	local[2] = $t1
	local[3] = $t7
	local[4] = $t4
	local[5] = $t6
	local[7] = $t8
	local[8] = $t3
	local[9] = $t5
	in[0] = $a0
	in[1] = $a1
	$a0 = $t2
	call :Tree.GetHas_Right
	$t0 = local[0]
	$t2 = local[1]
	$t1 = local[2]
	$t7 = local[3]
	$t4 = local[4]
	$t6 = local[5]
	$t8 = local[7]
	$t3 = local[8]
	$t5 = local[9]
	$a0 = in[0]
	$a1 = in[1]
	$s0 = $v0
	if0 $s0 goto :if18_else
	if $t2 goto :null64
	Error("null pointer")
null64:
	local[0] = $t0
	local[1] = $t2
	local[2] = $t1
	local[3] = $t7
	local[4] = $t4
	local[5] = $t6
	local[7] = $t8
	local[8] = $t3
	local[9] = $t5
	in[0] = $a0
	in[1] = $a1
	$a0 = $t2
	call :Tree.GetRight
	$t0 = local[0]
	$t2 = local[1]
	$t1 = local[2]
	$t7 = local[3]
	$t4 = local[4]
	$t6 = local[5]
	$t8 = local[7]
	$t3 = local[8]
	$t5 = local[9]
	$a0 = in[0]
	$a1 = in[1]
	$t2 = $v0
	goto :if18_end
if18_else:
	$t3 = 0
if18_end:
	goto :if17_end
if17_else:
	$t4 = 1
	$t3 = 0
if17_end:
if15_end:
	goto :while5_top
while5_end:
	$v0 = $t4
	$s0 = local[6]
	ret

func Tree.Print [in 1, out 2, local 3]
	$t0 = $a0
	$t1 = $a0
	local[0] = $t0
	local[1] = $t1
	local[2] = $t2
	in[0] = $a0
	$a0 = $t0
	$a1 = $t1
	call :Tree.RecPrint
	$t0 = local[0]
	$t1 = local[1]
	$t2 = local[2]
	$a0 = in[0]
	$t2 = $v0
	$v0 = 1
	ret

func Tree.RecPrint [in 2, out 2, local 8]
	$t1 = $a0
	$t0 = $a1
	if $t0 goto :null65
	Error("null pointer")
null65:
	local[0] = $t1
	local[1] = $t0
	local[2] = $t3
	local[3] = $t2
	local[4] = $t6
	local[5] = $t5
	local[6] = $t7
	local[7] = $t4
	in[0] = $a0
	in[1] = $a1
	$a0 = $t0
	call :Tree.GetHas_Left
	$t1 = local[0]
	$t0 = local[1]
	$t3 = local[2]
	$t2 = local[3]
	$t6 = local[4]
	$t5 = local[5]
	$t7 = local[6]
	$t4 = local[7]
	$a0 = in[0]
	$a1 = in[1]
	$t2 = $v0
	if0 $t2 goto :if19_else
	if $t0 goto :null66
	Error("null pointer")
null66:
	local[0] = $t1
	local[1] = $t0
	local[2] = $t3
	local[3] = $t2
	local[4] = $t6
	local[5] = $t5
	local[6] = $t7
	local[7] = $t4
	in[0] = $a0
	in[1] = $a1
	$a0 = $t0
	call :Tree.GetLeft
	$t1 = local[0]
	$t0 = local[1]
	$t3 = local[2]
	$t2 = local[3]
	$t6 = local[4]
	$t5 = local[5]
	$t7 = local[6]
	$t4 = local[7]
	$a0 = in[0]
	$a1 = in[1]
	$t3 = $v0
	local[0] = $t1
	local[1] = $t0
	local[2] = $t3
	local[3] = $t2
	local[4] = $t6
	local[5] = $t5
	local[6] = $t7
	local[7] = $t4
	in[0] = $a0
	in[1] = $a1
	$a0 = $t1
	$a1 = $t3
	call :Tree.RecPrint
	$t1 = local[0]
	$t0 = local[1]
	$t3 = local[2]
	$t2 = local[3]
	$t6 = local[4]
	$t5 = local[5]
	$t7 = local[6]
	$t4 = local[7]
	$a0 = in[0]
	$a1 = in[1]
	$t4 = $v0
	goto :if19_end
if19_else:
	$t4 = 1
if19_end:
	if $t0 goto :null67
	Error("null pointer")
null67:
	local[0] = $t1
	local[1] = $t0
	local[2] = $t3
	local[3] = $t2
	local[4] = $t6
	local[5] = $t5
	local[6] = $t7
	local[7] = $t4
	in[0] = $a0
	in[1] = $a1
	$a0 = $t0
	call :Tree.GetKey
	$t1 = local[0]
	$t0 = local[1]
	$t3 = local[2]
	$t2 = local[3]
	$t6 = local[4]
	$t5 = local[5]
	$t7 = local[6]
	$t4 = local[7]
	$a0 = in[0]
	$a1 = in[1]
	$t5 = $v0
	PrintIntS($t5)
	if $t0 goto :null68
	Error("null pointer")
null68:
	local[0] = $t1
	local[1] = $t0
	local[2] = $t3
	local[3] = $t2
	local[4] = $t6
	local[5] = $t5
	local[6] = $t7
	local[7] = $t4
	in[0] = $a0
	in[1] = $a1
	$a0 = $t0
	call :Tree.GetHas_Right
	$t1 = local[0]
	$t0 = local[1]
	$t3 = local[2]
	$t2 = local[3]
	$t6 = local[4]
	$t5 = local[5]
	$t7 = local[6]
	$t4 = local[7]
	$a0 = in[0]
	$a1 = in[1]
	$t6 = $v0
	if0 $t6 goto :if20_else
	if $t0 goto :null69
	Error("null pointer")
null69:
	local[0] = $t1
	local[1] = $t0
	local[2] = $t3
	local[3] = $t2
	local[4] = $t6
	local[5] = $t5
	local[6] = $t7
	local[7] = $t4
	in[0] = $a0
	in[1] = $a1
	$a0 = $t0
	call :Tree.GetRight
	$t1 = local[0]
	$t0 = local[1]
	$t3 = local[2]
	$t2 = local[3]
	$t6 = local[4]
	$t5 = local[5]
	$t7 = local[6]
	$t4 = local[7]
	$a0 = in[0]
	$a1 = in[1]
	$t7 = $v0
	local[0] = $t1
	local[1] = $t0
	local[2] = $t3
	local[3] = $t2
	local[4] = $t6
	local[5] = $t5
	local[6] = $t7
	local[7] = $t4
	in[0] = $a0
	in[1] = $a1
	$a0 = $t1
	$a1 = $t7
	call :Tree.RecPrint
	$t1 = local[0]
	$t0 = local[1]
	$t3 = local[2]
	$t2 = local[3]
	$t6 = local[4]
	$t5 = local[5]
	$t7 = local[6]
	$t4 = local[7]
	$a0 = in[0]
	$a1 = in[1]
	$t4 = $v0
	goto :if20_end
if20_else:
	$t4 = 1
if20_end:
	$v0 = 1
	ret

