const vmt_Fac
	:Fac.ComputeFac

func Main [in 0, out 2, local 3]
	$t0 = HeapAllocZ(4)
	[$t0] = :vmt_Fac
	if $t0 goto :null1
	Error("null pointer")
null1:
	$t1 = [$t0]
	$t1 = [$t1]
	local[0] = $t1
	local[1] = $t0
	local[2] = $t2
	$a0 = $t0
	$a1 = 10
	call $t1
	$t1 = local[0]
	$t0 = local[1]
	$t2 = local[2]
	$t2 = $v0
	PrintIntS($t2)
	ret

func Fac.ComputeFac [in 2, out 2, local 7]
	$t1 = $a0
	$t0 = $a1
	$t2 = LtS($a1 1)
	if0 $t2 goto :if1_else
	$t3 = 1
	goto :if1_end
if1_else:
	$t4 = [$t1]
	$t4 = [$t4]
	$t5 = Sub($a1 1)
	local[0] = $t1
	local[1] = $t0
	local[2] = $t4
	local[3] = $t2
	local[4] = $t6
	local[5] = $t5
	local[6] = $t3
	in[0] = $a0
	in[1] = $a1
	$a0 = $t1
	$a1 = $t5
	call $t4
	$t1 = local[0]
	$t0 = local[1]
	$t4 = local[2]
	$t2 = local[3]
	$t6 = local[4]
	$t5 = local[5]
	$t3 = local[6]
	$a0 = in[0]
	$a1 = in[1]
	$t6 = $v0
	$t3 = MulS($a1 $t6)
if1_end:
	$v0 = $t3
	ret

