const vmt_Fac
	:Fac.ComputeFac

const empty_Fac
func Main [in 0, out 2, local 1]
	local[0] = $t0
	$a0 = :empty_Fac
	$a1 = 10
	call :Fac.ComputeFac
	$t0 = local[0]
	$t0 = $v0
	PrintIntS($t0)
	ret

func Fac.ComputeFac [in 2, out 2, local 6]
	$t1 = $a0
	$t0 = $a1
	$t2 = LtS($a1 1)
	if0 $t2 goto :if1_else
	$t3 = 1
	goto :if1_end
if1_else:
	$t4 = Sub($a1 1)
	local[0] = $t1
	local[1] = $t0
	local[2] = $t4
	local[3] = $t2
	local[4] = $t5
	local[5] = $t3
	in[0] = $a0
	in[1] = $a1
	$a0 = $t1
	$a1 = $t4
	call :Fac.ComputeFac
	$t1 = local[0]
	$t0 = local[1]
	$t4 = local[2]
	$t2 = local[3]
	$t5 = local[4]
	$t3 = local[5]
	$a0 = in[0]
	$a1 = in[1]
	$t5 = $v0
	$t3 = MulS($a1 $t5)
if1_end:
	$v0 = $t3
	ret

