const vmt_Element
	:Element.Init
	:Element.GetAge
	:Element.GetSalary
	:Element.GetMarried
	:Element.Equal
	:Element.Compare
const vmt_List
	:List.Init
	:List.InitNew
	:List.Insert
	:List.SetNext
	:List.Delete
	:List.Search
	:List.GetEnd
	:List.GetElem
	:List.GetNext
	:List.Print
const vmt_LL
	:LL.Start

func Main [in 0, out 1, local 3]
	$t0 = HeapAllocZ(4)
	[$t0] = :vmt_LL
	if $t0 goto :null1
	Error("null pointer")
null1:
	$t1 = [$t0]
	$t1 = [$t1]
	local[0] = $t1
	local[1] = $t0
	local[2] = $t2
	$a0 = $t0
	call $t1
	$t1 = local[0]
	$t0 = local[1]
	$t2 = local[2]
	$t2 = $v0
	PrintIntS($t2)
	ret

func Element.Init [in 4, out 0, local 4]
	$t3 = $a0
	$t0 = $a1
	$t1 = $a2
	$t2 = $a3
	[$t3+4] = $a1
	[$t3+8] = $a2
	[$t3+12] = $a3
	$v0 = 1
	ret

func Element.GetAge [in 1, out 0, local 2]
	$t0 = $a0
	$t1 = [$t0+4]
	$v0 = $t1
	ret

func Element.GetSalary [in 1, out 0, local 2]
	$t0 = $a0
	$t1 = [$t0+8]
	$v0 = $t1
	ret

func Element.GetMarried [in 1, out 0, local 2]
	$t0 = $a0
	$t1 = [$t0+12]
	$v0 = $t1
	ret

func Element.Equal [in 2, out 3, local 22]
	local[4] = $s1
	local[7] = $s6
	local[9] = $s7
	local[16] = $s0
	local[18] = $s3
	local[19] = $s2
	local[20] = $s5
	local[21] = $s4
	$t1 = $a0
	$t0 = $a1
	$t2 = 1
	if $t0 goto :null2
	Error("null pointer")
null2:
	$t3 = [$t0]
	$t3 = [$t3+4]
	local[0] = $t6
	local[1] = $t4
	local[2] = $t5
	local[3] = $t4
	local[5] = $t7
	local[6] = $t2
	local[8] = $t3
	local[10] = $t1
	local[11] = $t0
	local[12] = $t5
	local[13] = $t3
	local[14] = $t7
	local[15] = $t6
	local[17] = $t8
	in[0] = $a0
	in[1] = $a1
	$a0 = $t0
	call $t3
	$t6 = local[0]
	$t4 = local[1]
	$t5 = local[2]
	$t4 = local[3]
	$t7 = local[5]
	$t2 = local[6]
	$t3 = local[8]
	$t1 = local[10]
	$t0 = local[11]
	$t5 = local[12]
	$t3 = local[13]
	$t7 = local[14]
	$t6 = local[15]
	$t8 = local[17]
	$a0 = in[0]
	$a1 = in[1]
	$t4 = $v0
	$t5 = [$t1]
	$t5 = [$t5+20]
	$t6 = [$t1+4]
	local[0] = $t6
	local[1] = $t4
	local[2] = $t5
	local[3] = $t4
	local[5] = $t7
	local[6] = $t2
	local[8] = $t3
	local[10] = $t1
	local[11] = $t0
	local[12] = $t5
	local[13] = $t3
	local[14] = $t7
	local[15] = $t6
	local[17] = $t8
	in[0] = $a0
	in[1] = $a1
	$a0 = $t1
	$a1 = $t4
	$a2 = $t6
	call $t5
	$t6 = local[0]
	$t4 = local[1]
	$t5 = local[2]
	$t4 = local[3]
	$t7 = local[5]
	$t2 = local[6]
	$t3 = local[8]
	$t1 = local[10]
	$t0 = local[11]
	$t5 = local[12]
	$t3 = local[13]
	$t7 = local[14]
	$t6 = local[15]
	$t8 = local[17]
	$a0 = in[0]
	$a1 = in[1]
	$t7 = $v0
	$t8 = Sub(1 $t7)
	if0 $t8 goto :if1_else
	$t2 = 0
	goto :if1_end
if1_else:
	if $t0 goto :null3
	Error("null pointer")
null3:
	$s0 = [$t0]
	$s0 = [$s0+8]
	local[0] = $t6
	local[1] = $t4
	local[2] = $t5
	local[3] = $t4
	local[5] = $t7
	local[6] = $t2
	local[8] = $t3
	local[10] = $t1
	local[11] = $t0
	local[12] = $t5
	local[13] = $t3
	local[14] = $t7
	local[15] = $t6
	local[17] = $t8
	in[0] = $a0
	in[1] = $a1
	$a0 = $t0
	call $s0
	$t6 = local[0]
	$t4 = local[1]
	$t5 = local[2]
	$t4 = local[3]
	$t7 = local[5]
	$t2 = local[6]
	$t3 = local[8]
	$t1 = local[10]
	$t0 = local[11]
	$t5 = local[12]
	$t3 = local[13]
	$t7 = local[14]
	$t6 = local[15]
	$t8 = local[17]
	$a0 = in[0]
	$a1 = in[1]
	$s1 = $v0
	$s2 = [$t1]
	$s2 = [$s2+20]
	$s3 = [$t1+8]
	local[0] = $t6
	local[1] = $t4
	local[2] = $t5
	local[3] = $t4
	local[5] = $t7
	local[6] = $t2
	local[8] = $t3
	local[10] = $t1
	local[11] = $t0
	local[12] = $t5
	local[13] = $t3
	local[14] = $t7
	local[15] = $t6
	local[17] = $t8
	in[0] = $a0
	in[1] = $a1
	$a0 = $t1
	$a1 = $s1
	$a2 = $s3
	call $s2
	$t6 = local[0]
	$t4 = local[1]
	$t5 = local[2]
	$t4 = local[3]
	$t7 = local[5]
	$t2 = local[6]
	$t3 = local[8]
	$t1 = local[10]
	$t0 = local[11]
	$t5 = local[12]
	$t3 = local[13]
	$t7 = local[14]
	$t6 = local[15]
	$t8 = local[17]
	$a0 = in[0]
	$a1 = in[1]
	$s4 = $v0
	$s5 = Sub(1 $s4)
	if0 $s5 goto :if2_else
	$t2 = 0
	goto :if2_end
if2_else:
	$s6 = [$t1+12]
	if0 $s6 goto :if3_else
	if $t0 goto :null4
	Error("null pointer")
null4:
	$s7 = [$t0]
	$s7 = [$s7+12]
	local[0] = $t6
	local[1] = $t4
	local[2] = $t5
	local[3] = $t4
	local[5] = $t7
	local[6] = $t2
	local[8] = $t3
	local[10] = $t1
	local[11] = $t0
	local[12] = $t5
	local[13] = $t3
	local[14] = $t7
	local[15] = $t6
	local[17] = $t8
	in[0] = $a0
	in[1] = $a1
	$a0 = $t0
	call $s7
	$t6 = local[0]
	$t4 = local[1]
	$t5 = local[2]
	$t4 = local[3]
	$t7 = local[5]
	$t2 = local[6]
	$t3 = local[8]
	$t1 = local[10]
	$t0 = local[11]
	$t5 = local[12]
	$t3 = local[13]
	$t7 = local[14]
	$t6 = local[15]
	$t8 = local[17]
	$a0 = in[0]
	$a1 = in[1]
	$t3 = $v0
	$t4 = Sub(1 $t3)
	if0 $t4 goto :if4_else
	$t2 = 0
	goto :if4_end
if4_else:
	$t6 = 0
if4_end:
	goto :if3_end
if3_else:
	if $t0 goto :null5
	Error("null pointer")
null5:
	$t5 = [$t0]
	$t5 = [$t5+12]
	local[0] = $t6
	local[1] = $t4
	local[2] = $t5
	local[3] = $t4
	local[5] = $t7
	local[6] = $t2
	local[8] = $t3
	local[10] = $t1
	local[11] = $t0
	local[12] = $t5
	local[13] = $t3
	local[14] = $t7
	local[15] = $t6
	local[17] = $t8
	in[0] = $a0
	in[1] = $a1
	$a0 = $t0
	call $t5
	$t6 = local[0]
	$t4 = local[1]
	$t5 = local[2]
	$t4 = local[3]
	$t7 = local[5]
	$t2 = local[6]
	$t3 = local[8]
	$t1 = local[10]
	$t0 = local[11]
	$t5 = local[12]
	$t3 = local[13]
	$t7 = local[14]
	$t6 = local[15]
	$t8 = local[17]
	$a0 = in[0]
	$a1 = in[1]
	$t7 = $v0
	if0 $t7 goto :if5_else
	$t2 = 0
	goto :if5_end
if5_else:
	$t6 = 0
if5_end:
if3_end:
if2_end:
if1_end:
	$v0 = $t2
	$s1 = local[4]
	$s6 = local[7]
	$s7 = local[9]
	$s0 = local[16]
	$s3 = local[18]
	$s2 = local[19]
	$s5 = local[20]
	$s4 = local[21]
	ret

func Element.Compare [in 3, out 0, local 7]
	$t1 = $a1
	$t0 = $a2
	$t2 = 0
	$t3 = Add($a2 1)
	$t4 = LtS($a1 $a2)
	if0 $t4 goto :if6_else
	$t2 = 0
	goto :if6_end
if6_else:
	$t5 = LtS($a1 $t3)
	$t6 = Sub(1 $t5)
	if0 $t6 goto :if7_else
	$t2 = 0
	goto :if7_end
if7_else:
	$t2 = 1
if7_end:
if6_end:
	$v0 = $t2
	ret

func List.Init [in 1, out 0, local 1]
	$t0 = $a0
	[$t0+12] = 1
	$v0 = 1
	ret

func List.InitNew [in 4, out 0, local 4]
	$t3 = $a0
	$t1 = $a1
	$t2 = $a2
	$t0 = $a3
	[$t3+12] = $a3
	[$t3+4] = $a1
	[$t3+8] = $a2
	$v0 = 1
	ret

func List.Insert [in 2, out 4, local 7]
	$t0 = $a0
	$t1 = $a1
	$t2 = $a0
	$t3 = HeapAllocZ(16)
	[$t3] = :vmt_List
	$t4 = $t3
	if $t4 goto :null6
	Error("null pointer")
null6:
	$t5 = [$t4]
	$t5 = [$t5+4]
	local[0] = $t0
	local[1] = $t1
	local[2] = $t5
	local[3] = $t3
	local[4] = $t2
	local[5] = $t4
	local[6] = $t6
	in[0] = $a0
	in[1] = $a1
	$a0 = $t4
	$a1 = $t1
	$a2 = $t2
	$a3 = 0
	call $t5
	$t0 = local[0]
	$t1 = local[1]
	$t5 = local[2]
	$t3 = local[3]
	$t2 = local[4]
	$t4 = local[5]
	$t6 = local[6]
	$a0 = in[0]
	$a1 = in[1]
	$t6 = $v0
	$v0 = $t4
	ret

func List.SetNext [in 2, out 0, local 2]
	$t1 = $a0
	$t0 = $a1
	[$t1+8] = $a1
	$v0 = 1
	ret

func List.Delete [in 2, out 2, local 26]
	local[0] = $s1
	local[2] = $s3
	local[10] = $s6
	local[12] = $s2
	local[13] = $s5
	local[14] = $s4
	local[15] = $s0
	local[16] = $s1
	local[17] = $s3
	local[18] = $s2
	local[19] = $s5
	local[20] = $s4
	local[21] = $s7
	local[22] = $s6
	local[24] = $s0
	$t0 = $a0
	$t1 = $a1
	$t2 = $a0
	$t3 = 0
	$t4 = Sub(0 1)
	$t5 = $a0
	$t6 = $a0
	$t7 = [$t0+12]
	$t8 = [$t0+4]
while1_top:
	$s0 = Sub(1 $t7)
	if0 $s0 goto :ss1_else
	$s1 = Sub(1 $t3)
	goto :ss1_end
ss1_else:
	$s1 = 0
ss1_end:
	if0 $s1 goto :while1_end
	if $t1 goto :null7
	Error("null pointer")
null7:
	$s2 = [$t1]
	$s2 = [$s2+16]
	local[1] = $t4
	local[3] = $t6
	local[4] = $t5
	local[5] = $t0
	local[6] = $t1
	local[7] = $t7
	local[8] = $t8
	local[9] = $t0
	local[11] = $t3
	local[23] = $t2
	local[25] = $t0
	in[0] = $a0
	in[1] = $a1
	$a0 = $t1
	$a1 = $t8
	call $s2
	$t4 = local[1]
	$t6 = local[3]
	$t5 = local[4]
	$t0 = local[5]
	$t1 = local[6]
	$t7 = local[7]
	$t8 = local[8]
	$t0 = local[9]
	$t3 = local[11]
	$t2 = local[23]
	$t0 = local[25]
	$a0 = in[0]
	$a1 = in[1]
	$s3 = $v0
	if0 $s3 goto :if8_else
	$t3 = 1
	$s4 = LtS($t4 0)
	if0 $s4 goto :if9_else
	if $t5 goto :null8
	Error("null pointer")
null8:
	$s5 = [$t5]
	$s5 = [$s5+32]
	local[1] = $t4
	local[3] = $t6
	local[4] = $t5
	local[5] = $t0
	local[6] = $t1
	local[7] = $t7
	local[8] = $t8
	local[9] = $t0
	local[11] = $t3
	local[23] = $t2
	local[25] = $t0
	in[0] = $a0
	in[1] = $a1
	$a0 = $t5
	call $s5
	$t4 = local[1]
	$t6 = local[3]
	$t5 = local[4]
	$t0 = local[5]
	$t1 = local[6]
	$t7 = local[7]
	$t8 = local[8]
	$t0 = local[9]
	$t3 = local[11]
	$t2 = local[23]
	$t0 = local[25]
	$a0 = in[0]
	$a1 = in[1]
	$t2 = $v0
	goto :if9_end
if9_else:
	$s6 = Sub(0 555)
	PrintIntS($s6)
	if $t6 goto :null9
	Error("null pointer")
null9:
	$s7 = [$t6]
	$s7 = [$s7+12]
	if $t5 goto :null10
	Error("null pointer")
null10:
	$t0 = [$t5]
	$t0 = [$t0+32]
	local[1] = $t4
	local[3] = $t6
	local[4] = $t5
	local[5] = $t0
	local[6] = $t1
	local[7] = $t7
	local[8] = $t8
	local[9] = $t0
	local[11] = $t3
	local[23] = $t2
	local[25] = $t0
	in[0] = $a0
	in[1] = $a1
	$a0 = $t5
	call $t0
	$t4 = local[1]
	$t6 = local[3]
	$t5 = local[4]
	$t0 = local[5]
	$t1 = local[6]
	$t7 = local[7]
	$t8 = local[8]
	$t0 = local[9]
	$t3 = local[11]
	$t2 = local[23]
	$t0 = local[25]
	$a0 = in[0]
	$a1 = in[1]
	$s0 = $v0
	local[1] = $t4
	local[3] = $t6
	local[4] = $t5
	local[5] = $t0
	local[6] = $t1
	local[7] = $t7
	local[8] = $t8
	local[9] = $t0
	local[11] = $t3
	local[23] = $t2
	local[25] = $t0
	in[0] = $a0
	in[1] = $a1
	$a0 = $t6
	$a1 = $s0
	call $s7
	$t4 = local[1]
	$t6 = local[3]
	$t5 = local[4]
	$t0 = local[5]
	$t1 = local[6]
	$t7 = local[7]
	$t8 = local[8]
	$t0 = local[9]
	$t3 = local[11]
	$t2 = local[23]
	$t0 = local[25]
	$a0 = in[0]
	$a1 = in[1]
	$s1 = $v0
	$s2 = Sub(0 555)
	PrintIntS($s2)
if9_end:
	goto :if8_end
if8_else:
	$s3 = 0
if8_end:
	$s4 = Sub(1 $t3)
	if0 $s4 goto :if10_else
	$t6 = $t5
	if $t5 goto :null11
	Error("null pointer")
null11:
	$s5 = [$t5]
	$s5 = [$s5+32]
	local[1] = $t4
	local[3] = $t6
	local[4] = $t5
	local[5] = $t0
	local[6] = $t1
	local[7] = $t7
	local[8] = $t8
	local[9] = $t0
	local[11] = $t3
	local[23] = $t2
	local[25] = $t0
	in[0] = $a0
	in[1] = $a1
	$a0 = $t5
	call $s5
	$t4 = local[1]
	$t6 = local[3]
	$t5 = local[4]
	$t0 = local[5]
	$t1 = local[6]
	$t7 = local[7]
	$t8 = local[8]
	$t0 = local[9]
	$t3 = local[11]
	$t2 = local[23]
	$t0 = local[25]
	$a0 = in[0]
	$a1 = in[1]
	$t5 = $v0
	if $t5 goto :null12
	Error("null pointer")
null12:
	$s6 = [$t5]
	$s6 = [$s6+24]
	local[1] = $t4
	local[3] = $t6
	local[4] = $t5
	local[5] = $t0
	local[6] = $t1
	local[7] = $t7
	local[8] = $t8
	local[9] = $t0
	local[11] = $t3
	local[23] = $t2
	local[25] = $t0
	in[0] = $a0
	in[1] = $a1
	$a0 = $t5
	call $s6
	$t4 = local[1]
	$t6 = local[3]
	$t5 = local[4]
	$t0 = local[5]
	$t1 = local[6]
	$t7 = local[7]
	$t8 = local[8]
	$t0 = local[9]
	$t3 = local[11]
	$t2 = local[23]
	$t0 = local[25]
	$a0 = in[0]
	$a1 = in[1]
	$t7 = $v0
	if $t5 goto :null13
	Error("null pointer")
null13:
	$t0 = [$t5]
	$t0 = [$t0+28]
	local[1] = $t4
	local[3] = $t6
	local[4] = $t5
	local[5] = $t0
	local[6] = $t1
	local[7] = $t7
	local[8] = $t8
	local[9] = $t0
	local[11] = $t3
	local[23] = $t2
	local[25] = $t0
	in[0] = $a0
	in[1] = $a1
	$a0 = $t5
	call $t0
	$t4 = local[1]
	$t6 = local[3]
	$t5 = local[4]
	$t0 = local[5]
	$t1 = local[6]
	$t7 = local[7]
	$t8 = local[8]
	$t0 = local[9]
	$t3 = local[11]
	$t2 = local[23]
	$t0 = local[25]
	$a0 = in[0]
	$a1 = in[1]
	$t8 = $v0
	$t4 = 1
	goto :if10_end
if10_else:
	$s3 = 0
if10_end:
	goto :while1_top
while1_end:
	$v0 = $t2
	$s1 = local[0]
	$s3 = local[2]
	$s6 = local[10]
	$s2 = local[12]
	$s5 = local[13]
	$s4 = local[14]
	$s0 = local[15]
	$s1 = local[16]
	$s3 = local[17]
	$s2 = local[18]
	$s5 = local[19]
	$s4 = local[20]
	$s7 = local[21]
	$s6 = local[22]
	$s0 = local[24]
	ret

func List.Search [in 2, out 2, local 13]
	local[0] = $s0
	local[7] = $s1
	local[9] = $s3
	local[11] = $s2
	$t0 = $a0
	$t1 = $a1
	$t2 = 0
	$t3 = $a0
	$t4 = [$t0+12]
	$t5 = [$t0+4]
while2_top:
	$t6 = Sub(1 $t4)
	if0 $t6 goto :while2_end
	if $t1 goto :null14
	Error("null pointer")
null14:
	$t7 = [$t1]
	$t7 = [$t7+16]
	local[1] = $t3
	local[2] = $t2
	local[3] = $t0
	local[4] = $t1
	local[5] = $t7
	local[6] = $t6
	local[8] = $t8
	local[10] = $t4
	local[12] = $t5
	in[0] = $a0
	in[1] = $a1
	$a0 = $t1
	$a1 = $t5
	call $t7
	$t3 = local[1]
	$t2 = local[2]
	$t0 = local[3]
	$t1 = local[4]
	$t7 = local[5]
	$t6 = local[6]
	$t8 = local[8]
	$t4 = local[10]
	$t5 = local[12]
	$a0 = in[0]
	$a1 = in[1]
	$t8 = $v0
	if0 $t8 goto :if11_else
	$t2 = 1
	goto :if11_end
if11_else:
	$s0 = 0
if11_end:
	if $t3 goto :null15
	Error("null pointer")
null15:
	$s1 = [$t3]
	$s1 = [$s1+32]
	local[1] = $t3
	local[2] = $t2
	local[3] = $t0
	local[4] = $t1
	local[5] = $t7
	local[6] = $t6
	local[8] = $t8
	local[10] = $t4
	local[12] = $t5
	in[0] = $a0
	in[1] = $a1
	$a0 = $t3
	call $s1
	$t3 = local[1]
	$t2 = local[2]
	$t0 = local[3]
	$t1 = local[4]
	$t7 = local[5]
	$t6 = local[6]
	$t8 = local[8]
	$t4 = local[10]
	$t5 = local[12]
	$a0 = in[0]
	$a1 = in[1]
	$t3 = $v0
	if $t3 goto :null16
	Error("null pointer")
null16:
	$s2 = [$t3]
	$s2 = [$s2+24]
	local[1] = $t3
	local[2] = $t2
	local[3] = $t0
	local[4] = $t1
	local[5] = $t7
	local[6] = $t6
	local[8] = $t8
	local[10] = $t4
	local[12] = $t5
	in[0] = $a0
	in[1] = $a1
	$a0 = $t3
	call $s2
	$t3 = local[1]
	$t2 = local[2]
	$t0 = local[3]
	$t1 = local[4]
	$t7 = local[5]
	$t6 = local[6]
	$t8 = local[8]
	$t4 = local[10]
	$t5 = local[12]
	$a0 = in[0]
	$a1 = in[1]
	$t4 = $v0
	if $t3 goto :null17
	Error("null pointer")
null17:
	$s3 = [$t3]
	$s3 = [$s3+28]
	local[1] = $t3
	local[2] = $t2
	local[3] = $t0
	local[4] = $t1
	local[5] = $t7
	local[6] = $t6
	local[8] = $t8
	local[10] = $t4
	local[12] = $t5
	in[0] = $a0
	in[1] = $a1
	$a0 = $t3
	call $s3
	$t3 = local[1]
	$t2 = local[2]
	$t0 = local[3]
	$t1 = local[4]
	$t7 = local[5]
	$t6 = local[6]
	$t8 = local[8]
	$t4 = local[10]
	$t5 = local[12]
	$a0 = in[0]
	$a1 = in[1]
	$t5 = $v0
	goto :while2_top
while2_end:
	$v0 = $t2
	$s0 = local[0]
	$s1 = local[7]
	$s3 = local[9]
	$s2 = local[11]
	ret

func List.GetEnd [in 1, out 0, local 2]
	$t0 = $a0
	$t1 = [$t0+12]
	$v0 = $t1
	ret

func List.GetElem [in 1, out 0, local 2]
	$t0 = $a0
	$t1 = [$t0+4]
	$v0 = $t1
	ret

func List.GetNext [in 1, out 0, local 2]
	$t0 = $a0
	$t1 = [$t0+8]
	$v0 = $t1
	ret

func List.Print [in 1, out 1, local 10]
	local[6] = $s0
	$t0 = $a0
	$t1 = $a0
	$t2 = [$t0+12]
	$t3 = [$t0+4]
while3_top:
	$t4 = Sub(1 $t2)
	if0 $t4 goto :while3_end
	if $t3 goto :null18
	Error("null pointer")
null18:
	$t5 = [$t3]
	$t5 = [$t5+4]
	local[0] = $t0
	local[1] = $t5
	local[2] = $t4
	local[3] = $t1
	local[4] = $t7
	local[5] = $t6
	local[7] = $t2
	local[8] = $t8
	local[9] = $t3
	in[0] = $a0
	$a0 = $t3
	call $t5
	$t0 = local[0]
	$t5 = local[1]
	$t4 = local[2]
	$t1 = local[3]
	$t7 = local[4]
	$t6 = local[5]
	$t2 = local[7]
	$t8 = local[8]
	$t3 = local[9]
	$a0 = in[0]
	$t6 = $v0
	PrintIntS($t6)
	if $t1 goto :null19
	Error("null pointer")
null19:
	$t7 = [$t1]
	$t7 = [$t7+32]
	local[0] = $t0
	local[1] = $t5
	local[2] = $t4
	local[3] = $t1
	local[4] = $t7
	local[5] = $t6
	local[7] = $t2
	local[8] = $t8
	local[9] = $t3
	in[0] = $a0
	$a0 = $t1
	call $t7
	$t0 = local[0]
	$t5 = local[1]
	$t4 = local[2]
	$t1 = local[3]
	$t7 = local[4]
	$t6 = local[5]
	$t2 = local[7]
	$t8 = local[8]
	$t3 = local[9]
	$a0 = in[0]
	$t1 = $v0
	if $t1 goto :null20
	Error("null pointer")
null20:
	$t8 = [$t1]
	$t8 = [$t8+24]
	local[0] = $t0
	local[1] = $t5
	local[2] = $t4
	local[3] = $t1
	local[4] = $t7
	local[5] = $t6
	local[7] = $t2
	local[8] = $t8
	local[9] = $t3
	in[0] = $a0
	$a0 = $t1
	call $t8
	$t0 = local[0]
	$t5 = local[1]
	$t4 = local[2]
	$t1 = local[3]
	$t7 = local[4]
	$t6 = local[5]
	$t2 = local[7]
	$t8 = local[8]
	$t3 = local[9]
	$a0 = in[0]
	$t2 = $v0
	if $t1 goto :null21
	Error("null pointer")
null21:
	$s0 = [$t1]
	$s0 = [$s0+28]
	local[0] = $t0
	local[1] = $t5
	local[2] = $t4
	local[3] = $t1
	local[4] = $t7
	local[5] = $t6
	local[7] = $t2
	local[8] = $t8
	local[9] = $t3
	in[0] = $a0
	$a0 = $t1
	call $s0
	$t0 = local[0]
	$t5 = local[1]
	$t4 = local[2]
	$t1 = local[3]
	$t7 = local[4]
	$t6 = local[5]
	$t2 = local[7]
	$t8 = local[8]
	$t3 = local[9]
	$a0 = in[0]
	$t3 = $v0
	goto :while3_top
while3_end:
	$v0 = 1
	$s0 = local[6]
	ret

func LL.Start [in 1, out 4, local 36]
	local[1] = $s5
	local[8] = $s4
	local[9] = $s3
	local[10] = $s7
	local[11] = $s6
	local[13] = $s1
	local[14] = $s0
	local[15] = $s2
	local[21] = $s6
	local[23] = $s7
	local[24] = $s0
	local[30] = $s0
	local[32] = $s2
	local[33] = $s1
	local[34] = $s4
	local[35] = $s3
	$t0 = HeapAllocZ(16)
	[$t0] = :vmt_List
	$t1 = $t0
	if $t1 goto :null22
	Error("null pointer")
null22:
	$t2 = [$t1]
	$t2 = [$t2]
	local[0] = $t7
	local[2] = $t8
	local[3] = $t3
	local[4] = $t2
	local[5] = $t0
	local[6] = $t5
	local[7] = $t1
	local[12] = $t4
	local[16] = $t1
	local[17] = $t1
	local[18] = $t2
	local[19] = $t6
	local[20] = $t5
	local[22] = $t0
	local[25] = $t6
	local[26] = $t2
	local[27] = $t0
	local[28] = $t6
	local[29] = $t5
	local[31] = $t7
	in[0] = $a0
	$a0 = $t1
	call $t2
	$t7 = local[0]
	$t8 = local[2]
	$t3 = local[3]
	$t2 = local[4]
	$t0 = local[5]
	$t5 = local[6]
	$t1 = local[7]
	$t4 = local[12]
	$t1 = local[16]
	$t1 = local[17]
	$t2 = local[18]
	$t6 = local[19]
	$t5 = local[20]
	$t0 = local[22]
	$t6 = local[25]
	$t2 = local[26]
	$t0 = local[27]
	$t6 = local[28]
	$t5 = local[29]
	$t7 = local[31]
	$a0 = in[0]
	$t3 = $v0
	$t4 = $t1
	if $t4 goto :null23
	Error("null pointer")
null23:
	$t5 = [$t4]
	$t5 = [$t5]
	local[0] = $t7
	local[2] = $t8
	local[3] = $t3
	local[4] = $t2
	local[5] = $t0
	local[6] = $t5
	local[7] = $t1
	local[12] = $t4
	local[16] = $t1
	local[17] = $t1
	local[18] = $t2
	local[19] = $t6
	local[20] = $t5
	local[22] = $t0
	local[25] = $t6
	local[26] = $t2
	local[27] = $t0
	local[28] = $t6
	local[29] = $t5
	local[31] = $t7
	in[0] = $a0
	$a0 = $t4
	call $t5
	$t7 = local[0]
	$t8 = local[2]
	$t3 = local[3]
	$t2 = local[4]
	$t0 = local[5]
	$t5 = local[6]
	$t1 = local[7]
	$t4 = local[12]
	$t1 = local[16]
	$t1 = local[17]
	$t2 = local[18]
	$t6 = local[19]
	$t5 = local[20]
	$t0 = local[22]
	$t6 = local[25]
	$t2 = local[26]
	$t0 = local[27]
	$t6 = local[28]
	$t5 = local[29]
	$t7 = local[31]
	$a0 = in[0]
	$t3 = $v0
	if $t4 goto :null24
	Error("null pointer")
null24:
	$t6 = [$t4]
	$t6 = [$t6+36]
	local[0] = $t7
	local[2] = $t8
	local[3] = $t3
	local[4] = $t2
	local[5] = $t0
	local[6] = $t5
	local[7] = $t1
	local[12] = $t4
	local[16] = $t1
	local[17] = $t1
	local[18] = $t2
	local[19] = $t6
	local[20] = $t5
	local[22] = $t0
	local[25] = $t6
	local[26] = $t2
	local[27] = $t0
	local[28] = $t6
	local[29] = $t5
	local[31] = $t7
	in[0] = $a0
	$a0 = $t4
	call $t6
	$t7 = local[0]
	$t8 = local[2]
	$t3 = local[3]
	$t2 = local[4]
	$t0 = local[5]
	$t5 = local[6]
	$t1 = local[7]
	$t4 = local[12]
	$t1 = local[16]
	$t1 = local[17]
	$t2 = local[18]
	$t6 = local[19]
	$t5 = local[20]
	$t0 = local[22]
	$t6 = local[25]
	$t2 = local[26]
	$t0 = local[27]
	$t6 = local[28]
	$t5 = local[29]
	$t7 = local[31]
	$a0 = in[0]
	$t3 = $v0
	$t7 = HeapAllocZ(16)
	[$t7] = :vmt_Element
	$t8 = $t7
	if $t8 goto :null25
	Error("null pointer")
null25:
	$s0 = [$t8]
	$s0 = [$s0]
	local[0] = $t7
	local[2] = $t8
	local[3] = $t3
	local[4] = $t2
	local[5] = $t0
	local[6] = $t5
	local[7] = $t1
	local[12] = $t4
	local[16] = $t1
	local[17] = $t1
	local[18] = $t2
	local[19] = $t6
	local[20] = $t5
	local[22] = $t0
	local[25] = $t6
	local[26] = $t2
	local[27] = $t0
	local[28] = $t6
	local[29] = $t5
	local[31] = $t7
	in[0] = $a0
	$a0 = $t8
	$a1 = 25
	$a2 = 37000
	$a3 = 0
	call $s0
	$t7 = local[0]
	$t8 = local[2]
	$t3 = local[3]
	$t2 = local[4]
	$t0 = local[5]
	$t5 = local[6]
	$t1 = local[7]
	$t4 = local[12]
	$t1 = local[16]
	$t1 = local[17]
	$t2 = local[18]
	$t6 = local[19]
	$t5 = local[20]
	$t0 = local[22]
	$t6 = local[25]
	$t2 = local[26]
	$t0 = local[27]
	$t6 = local[28]
	$t5 = local[29]
	$t7 = local[31]
	$a0 = in[0]
	$t3 = $v0
	if $t4 goto :null26
	Error("null pointer")
null26:
	$s1 = [$t4]
	$s1 = [$s1+8]
	local[0] = $t7
	local[2] = $t8
	local[3] = $t3
	local[4] = $t2
	local[5] = $t0
	local[6] = $t5
	local[7] = $t1
	local[12] = $t4
	local[16] = $t1
	local[17] = $t1
	local[18] = $t2
	local[19] = $t6
	local[20] = $t5
	local[22] = $t0
	local[25] = $t6
	local[26] = $t2
	local[27] = $t0
	local[28] = $t6
	local[29] = $t5
	local[31] = $t7
	in[0] = $a0
	$a0 = $t4
	$a1 = $t8
	call $s1
	$t7 = local[0]
	$t8 = local[2]
	$t3 = local[3]
	$t2 = local[4]
	$t0 = local[5]
	$t5 = local[6]
	$t1 = local[7]
	$t4 = local[12]
	$t1 = local[16]
	$t1 = local[17]
	$t2 = local[18]
	$t6 = local[19]
	$t5 = local[20]
	$t0 = local[22]
	$t6 = local[25]
	$t2 = local[26]
	$t0 = local[27]
	$t6 = local[28]
	$t5 = local[29]
	$t7 = local[31]
	$a0 = in[0]
	$t4 = $v0
	if $t4 goto :null27
	Error("null pointer")
null27:
	$s2 = [$t4]
	$s2 = [$s2+36]
	local[0] = $t7
	local[2] = $t8
	local[3] = $t3
	local[4] = $t2
	local[5] = $t0
	local[6] = $t5
	local[7] = $t1
	local[12] = $t4
	local[16] = $t1
	local[17] = $t1
	local[18] = $t2
	local[19] = $t6
	local[20] = $t5
	local[22] = $t0
	local[25] = $t6
	local[26] = $t2
	local[27] = $t0
	local[28] = $t6
	local[29] = $t5
	local[31] = $t7
	in[0] = $a0
	$a0 = $t4
	call $s2
	$t7 = local[0]
	$t8 = local[2]
	$t3 = local[3]
	$t2 = local[4]
	$t0 = local[5]
	$t5 = local[6]
	$t1 = local[7]
	$t4 = local[12]
	$t1 = local[16]
	$t1 = local[17]
	$t2 = local[18]
	$t6 = local[19]
	$t5 = local[20]
	$t0 = local[22]
	$t6 = local[25]
	$t2 = local[26]
	$t0 = local[27]
	$t6 = local[28]
	$t5 = local[29]
	$t7 = local[31]
	$a0 = in[0]
	$t3 = $v0
	PrintIntS(10000000)
	$s3 = HeapAllocZ(16)
	[$s3] = :vmt_Element
	$t8 = $s3
	if $t8 goto :null28
	Error("null pointer")
null28:
	$s4 = [$t8]
	$s4 = [$s4]
	local[0] = $t7
	local[2] = $t8
	local[3] = $t3
	local[4] = $t2
	local[5] = $t0
	local[6] = $t5
	local[7] = $t1
	local[12] = $t4
	local[16] = $t1
	local[17] = $t1
	local[18] = $t2
	local[19] = $t6
	local[20] = $t5
	local[22] = $t0
	local[25] = $t6
	local[26] = $t2
	local[27] = $t0
	local[28] = $t6
	local[29] = $t5
	local[31] = $t7
	in[0] = $a0
	$a0 = $t8
	$a1 = 39
	$a2 = 42000
	$a3 = 1
	call $s4
	$t7 = local[0]
	$t8 = local[2]
	$t3 = local[3]
	$t2 = local[4]
	$t0 = local[5]
	$t5 = local[6]
	$t1 = local[7]
	$t4 = local[12]
	$t1 = local[16]
	$t1 = local[17]
	$t2 = local[18]
	$t6 = local[19]
	$t5 = local[20]
	$t0 = local[22]
	$t6 = local[25]
	$t2 = local[26]
	$t0 = local[27]
	$t6 = local[28]
	$t5 = local[29]
	$t7 = local[31]
	$a0 = in[0]
	$t3 = $v0
	$s5 = $t8
	if $t4 goto :null29
	Error("null pointer")
null29:
	$s6 = [$t4]
	$s6 = [$s6+8]
	local[0] = $t7
	local[2] = $t8
	local[3] = $t3
	local[4] = $t2
	local[5] = $t0
	local[6] = $t5
	local[7] = $t1
	local[12] = $t4
	local[16] = $t1
	local[17] = $t1
	local[18] = $t2
	local[19] = $t6
	local[20] = $t5
	local[22] = $t0
	local[25] = $t6
	local[26] = $t2
	local[27] = $t0
	local[28] = $t6
	local[29] = $t5
	local[31] = $t7
	in[0] = $a0
	$a0 = $t4
	$a1 = $t8
	call $s6
	$t7 = local[0]
	$t8 = local[2]
	$t3 = local[3]
	$t2 = local[4]
	$t0 = local[5]
	$t5 = local[6]
	$t1 = local[7]
	$t4 = local[12]
	$t1 = local[16]
	$t1 = local[17]
	$t2 = local[18]
	$t6 = local[19]
	$t5 = local[20]
	$t0 = local[22]
	$t6 = local[25]
	$t2 = local[26]
	$t0 = local[27]
	$t6 = local[28]
	$t5 = local[29]
	$t7 = local[31]
	$a0 = in[0]
	$t4 = $v0
	if $t4 goto :null30
	Error("null pointer")
null30:
	$s7 = [$t4]
	$s7 = [$s7+36]
	local[0] = $t7
	local[2] = $t8
	local[3] = $t3
	local[4] = $t2
	local[5] = $t0
	local[6] = $t5
	local[7] = $t1
	local[12] = $t4
	local[16] = $t1
	local[17] = $t1
	local[18] = $t2
	local[19] = $t6
	local[20] = $t5
	local[22] = $t0
	local[25] = $t6
	local[26] = $t2
	local[27] = $t0
	local[28] = $t6
	local[29] = $t5
	local[31] = $t7
	in[0] = $a0
	$a0 = $t4
	call $s7
	$t7 = local[0]
	$t8 = local[2]
	$t3 = local[3]
	$t2 = local[4]
	$t0 = local[5]
	$t5 = local[6]
	$t1 = local[7]
	$t4 = local[12]
	$t1 = local[16]
	$t1 = local[17]
	$t2 = local[18]
	$t6 = local[19]
	$t5 = local[20]
	$t0 = local[22]
	$t6 = local[25]
	$t2 = local[26]
	$t0 = local[27]
	$t6 = local[28]
	$t5 = local[29]
	$t7 = local[31]
	$a0 = in[0]
	$t3 = $v0
	PrintIntS(10000000)
	$t0 = HeapAllocZ(16)
	[$t0] = :vmt_Element
	$t8 = $t0
	if $t8 goto :null31
	Error("null pointer")
null31:
	$t2 = [$t8]
	$t2 = [$t2]
	local[0] = $t7
	local[2] = $t8
	local[3] = $t3
	local[4] = $t2
	local[5] = $t0
	local[6] = $t5
	local[7] = $t1
	local[12] = $t4
	local[16] = $t1
	local[17] = $t1
	local[18] = $t2
	local[19] = $t6
	local[20] = $t5
	local[22] = $t0
	local[25] = $t6
	local[26] = $t2
	local[27] = $t0
	local[28] = $t6
	local[29] = $t5
	local[31] = $t7
	in[0] = $a0
	$a0 = $t8
	$a1 = 22
	$a2 = 34000
	$a3 = 0
	call $t2
	$t7 = local[0]
	$t8 = local[2]
	$t3 = local[3]
	$t2 = local[4]
	$t0 = local[5]
	$t5 = local[6]
	$t1 = local[7]
	$t4 = local[12]
	$t1 = local[16]
	$t1 = local[17]
	$t2 = local[18]
	$t6 = local[19]
	$t5 = local[20]
	$t0 = local[22]
	$t6 = local[25]
	$t2 = local[26]
	$t0 = local[27]
	$t6 = local[28]
	$t5 = local[29]
	$t7 = local[31]
	$a0 = in[0]
	$t3 = $v0
	if $t4 goto :null32
	Error("null pointer")
null32:
	$t1 = [$t4]
	$t1 = [$t1+8]
	local[0] = $t7
	local[2] = $t8
	local[3] = $t3
	local[4] = $t2
	local[5] = $t0
	local[6] = $t5
	local[7] = $t1
	local[12] = $t4
	local[16] = $t1
	local[17] = $t1
	local[18] = $t2
	local[19] = $t6
	local[20] = $t5
	local[22] = $t0
	local[25] = $t6
	local[26] = $t2
	local[27] = $t0
	local[28] = $t6
	local[29] = $t5
	local[31] = $t7
	in[0] = $a0
	$a0 = $t4
	$a1 = $t8
	call $t1
	$t7 = local[0]
	$t8 = local[2]
	$t3 = local[3]
	$t2 = local[4]
	$t0 = local[5]
	$t5 = local[6]
	$t1 = local[7]
	$t4 = local[12]
	$t1 = local[16]
	$t1 = local[17]
	$t2 = local[18]
	$t6 = local[19]
	$t5 = local[20]
	$t0 = local[22]
	$t6 = local[25]
	$t2 = local[26]
	$t0 = local[27]
	$t6 = local[28]
	$t5 = local[29]
	$t7 = local[31]
	$a0 = in[0]
	$t4 = $v0
	if $t4 goto :null33
	Error("null pointer")
null33:
	$t5 = [$t4]
	$t5 = [$t5+36]
	local[0] = $t7
	local[2] = $t8
	local[3] = $t3
	local[4] = $t2
	local[5] = $t0
	local[6] = $t5
	local[7] = $t1
	local[12] = $t4
	local[16] = $t1
	local[17] = $t1
	local[18] = $t2
	local[19] = $t6
	local[20] = $t5
	local[22] = $t0
	local[25] = $t6
	local[26] = $t2
	local[27] = $t0
	local[28] = $t6
	local[29] = $t5
	local[31] = $t7
	in[0] = $a0
	$a0 = $t4
	call $t5
	$t7 = local[0]
	$t8 = local[2]
	$t3 = local[3]
	$t2 = local[4]
	$t0 = local[5]
	$t5 = local[6]
	$t1 = local[7]
	$t4 = local[12]
	$t1 = local[16]
	$t1 = local[17]
	$t2 = local[18]
	$t6 = local[19]
	$t5 = local[20]
	$t0 = local[22]
	$t6 = local[25]
	$t2 = local[26]
	$t0 = local[27]
	$t6 = local[28]
	$t5 = local[29]
	$t7 = local[31]
	$a0 = in[0]
	$t3 = $v0
	$t6 = HeapAllocZ(16)
	[$t6] = :vmt_Element
	$t7 = $t6
	if $t7 goto :null34
	Error("null pointer")
null34:
	$s0 = [$t7]
	$s0 = [$s0]
	local[0] = $t7
	local[2] = $t8
	local[3] = $t3
	local[4] = $t2
	local[5] = $t0
	local[6] = $t5
	local[7] = $t1
	local[12] = $t4
	local[16] = $t1
	local[17] = $t1
	local[18] = $t2
	local[19] = $t6
	local[20] = $t5
	local[22] = $t0
	local[25] = $t6
	local[26] = $t2
	local[27] = $t0
	local[28] = $t6
	local[29] = $t5
	local[31] = $t7
	in[0] = $a0
	$a0 = $t7
	$a1 = 27
	$a2 = 34000
	$a3 = 0
	call $s0
	$t7 = local[0]
	$t8 = local[2]
	$t3 = local[3]
	$t2 = local[4]
	$t0 = local[5]
	$t5 = local[6]
	$t1 = local[7]
	$t4 = local[12]
	$t1 = local[16]
	$t1 = local[17]
	$t2 = local[18]
	$t6 = local[19]
	$t5 = local[20]
	$t0 = local[22]
	$t6 = local[25]
	$t2 = local[26]
	$t0 = local[27]
	$t6 = local[28]
	$t5 = local[29]
	$t7 = local[31]
	$a0 = in[0]
	$t3 = $v0
	if $t4 goto :null35
	Error("null pointer")
null35:
	$s1 = [$t4]
	$s1 = [$s1+20]
	local[0] = $t7
	local[2] = $t8
	local[3] = $t3
	local[4] = $t2
	local[5] = $t0
	local[6] = $t5
	local[7] = $t1
	local[12] = $t4
	local[16] = $t1
	local[17] = $t1
	local[18] = $t2
	local[19] = $t6
	local[20] = $t5
	local[22] = $t0
	local[25] = $t6
	local[26] = $t2
	local[27] = $t0
	local[28] = $t6
	local[29] = $t5
	local[31] = $t7
	in[0] = $a0
	$a0 = $t4
	$a1 = $s5
	call $s1
	$t7 = local[0]
	$t8 = local[2]
	$t3 = local[3]
	$t2 = local[4]
	$t0 = local[5]
	$t5 = local[6]
	$t1 = local[7]
	$t4 = local[12]
	$t1 = local[16]
	$t1 = local[17]
	$t2 = local[18]
	$t6 = local[19]
	$t5 = local[20]
	$t0 = local[22]
	$t6 = local[25]
	$t2 = local[26]
	$t0 = local[27]
	$t6 = local[28]
	$t5 = local[29]
	$t7 = local[31]
	$a0 = in[0]
	$s2 = $v0
	PrintIntS($s2)
	if $t4 goto :null36
	Error("null pointer")
null36:
	$s3 = [$t4]
	$s3 = [$s3+20]
	local[0] = $t7
	local[2] = $t8
	local[3] = $t3
	local[4] = $t2
	local[5] = $t0
	local[6] = $t5
	local[7] = $t1
	local[12] = $t4
	local[16] = $t1
	local[17] = $t1
	local[18] = $t2
	local[19] = $t6
	local[20] = $t5
	local[22] = $t0
	local[25] = $t6
	local[26] = $t2
	local[27] = $t0
	local[28] = $t6
	local[29] = $t5
	local[31] = $t7
	in[0] = $a0
	$a0 = $t4
	$a1 = $t7
	call $s3
	$t7 = local[0]
	$t8 = local[2]
	$t3 = local[3]
	$t2 = local[4]
	$t0 = local[5]
	$t5 = local[6]
	$t1 = local[7]
	$t4 = local[12]
	$t1 = local[16]
	$t1 = local[17]
	$t2 = local[18]
	$t6 = local[19]
	$t5 = local[20]
	$t0 = local[22]
	$t6 = local[25]
	$t2 = local[26]
	$t0 = local[27]
	$t6 = local[28]
	$t5 = local[29]
	$t7 = local[31]
	$a0 = in[0]
	$s4 = $v0
	PrintIntS($s4)
	PrintIntS(10000000)
	$s6 = HeapAllocZ(16)
	[$s6] = :vmt_Element
	$t8 = $s6
	if $t8 goto :null37
	Error("null pointer")
null37:
	$s7 = [$t8]
	$s7 = [$s7]
	local[0] = $t7
	local[2] = $t8
	local[3] = $t3
	local[4] = $t2
	local[5] = $t0
	local[6] = $t5
	local[7] = $t1
	local[12] = $t4
	local[16] = $t1
	local[17] = $t1
	local[18] = $t2
	local[19] = $t6
	local[20] = $t5
	local[22] = $t0
	local[25] = $t6
	local[26] = $t2
	local[27] = $t0
	local[28] = $t6
	local[29] = $t5
	local[31] = $t7
	in[0] = $a0
	$a0 = $t8
	$a1 = 28
	$a2 = 35000
	$a3 = 0
	call $s7
	$t7 = local[0]
	$t8 = local[2]
	$t3 = local[3]
	$t2 = local[4]
	$t0 = local[5]
	$t5 = local[6]
	$t1 = local[7]
	$t4 = local[12]
	$t1 = local[16]
	$t1 = local[17]
	$t2 = local[18]
	$t6 = local[19]
	$t5 = local[20]
	$t0 = local[22]
	$t6 = local[25]
	$t2 = local[26]
	$t0 = local[27]
	$t6 = local[28]
	$t5 = local[29]
	$t7 = local[31]
	$a0 = in[0]
	$t3 = $v0
	if $t4 goto :null38
	Error("null pointer")
null38:
	$t0 = [$t4]
	$t0 = [$t0+8]
	local[0] = $t7
	local[2] = $t8
	local[3] = $t3
	local[4] = $t2
	local[5] = $t0
	local[6] = $t5
	local[7] = $t1
	local[12] = $t4
	local[16] = $t1
	local[17] = $t1
	local[18] = $t2
	local[19] = $t6
	local[20] = $t5
	local[22] = $t0
	local[25] = $t6
	local[26] = $t2
	local[27] = $t0
	local[28] = $t6
	local[29] = $t5
	local[31] = $t7
	in[0] = $a0
	$a0 = $t4
	$a1 = $t8
	call $t0
	$t7 = local[0]
	$t8 = local[2]
	$t3 = local[3]
	$t2 = local[4]
	$t0 = local[5]
	$t5 = local[6]
	$t1 = local[7]
	$t4 = local[12]
	$t1 = local[16]
	$t1 = local[17]
	$t2 = local[18]
	$t6 = local[19]
	$t5 = local[20]
	$t0 = local[22]
	$t6 = local[25]
	$t2 = local[26]
	$t0 = local[27]
	$t6 = local[28]
	$t5 = local[29]
	$t7 = local[31]
	$a0 = in[0]
	$t4 = $v0
	if $t4 goto :null39
	Error("null pointer")
null39:
	$t2 = [$t4]
	$t2 = [$t2+36]
	local[0] = $t7
	local[2] = $t8
	local[3] = $t3
	local[4] = $t2
	local[5] = $t0
	local[6] = $t5
	local[7] = $t1
	local[12] = $t4
	local[16] = $t1
	local[17] = $t1
	local[18] = $t2
	local[19] = $t6
	local[20] = $t5
	local[22] = $t0
	local[25] = $t6
	local[26] = $t2
	local[27] = $t0
	local[28] = $t6
	local[29] = $t5
	local[31] = $t7
	in[0] = $a0
	$a0 = $t4
	call $t2
	$t7 = local[0]
	$t8 = local[2]
	$t3 = local[3]
	$t2 = local[4]
	$t0 = local[5]
	$t5 = local[6]
	$t1 = local[7]
	$t4 = local[12]
	$t1 = local[16]
	$t1 = local[17]
	$t2 = local[18]
	$t6 = local[19]
	$t5 = local[20]
	$t0 = local[22]
	$t6 = local[25]
	$t2 = local[26]
	$t0 = local[27]
	$t6 = local[28]
	$t5 = local[29]
	$t7 = local[31]
	$a0 = in[0]
	$t3 = $v0
	PrintIntS(2220000)
	if $t4 goto :null40
	Error("null pointer")
null40:
	$t1 = [$t4]
	$t1 = [$t1+16]
	local[0] = $t7
	local[2] = $t8
	local[3] = $t3
	local[4] = $t2
	local[5] = $t0
	local[6] = $t5
	local[7] = $t1
	local[12] = $t4
	local[16] = $t1
	local[17] = $t1
	local[18] = $t2
	local[19] = $t6
	local[20] = $t5
	local[22] = $t0
	local[25] = $t6
	local[26] = $t2
	local[27] = $t0
	local[28] = $t6
	local[29] = $t5
	local[31] = $t7
	in[0] = $a0
	$a0 = $t4
	$a1 = $s5
	call $t1
	$t7 = local[0]
	$t8 = local[2]
	$t3 = local[3]
	$t2 = local[4]
	$t0 = local[5]
	$t5 = local[6]
	$t1 = local[7]
	$t4 = local[12]
	$t1 = local[16]
	$t1 = local[17]
	$t2 = local[18]
	$t6 = local[19]
	$t5 = local[20]
	$t0 = local[22]
	$t6 = local[25]
	$t2 = local[26]
	$t0 = local[27]
	$t6 = local[28]
	$t5 = local[29]
	$t7 = local[31]
	$a0 = in[0]
	$t4 = $v0
	if $t4 goto :null41
	Error("null pointer")
null41:
	$t5 = [$t4]
	$t5 = [$t5+36]
	local[0] = $t7
	local[2] = $t8
	local[3] = $t3
	local[4] = $t2
	local[5] = $t0
	local[6] = $t5
	local[7] = $t1
	local[12] = $t4
	local[16] = $t1
	local[17] = $t1
	local[18] = $t2
	local[19] = $t6
	local[20] = $t5
	local[22] = $t0
	local[25] = $t6
	local[26] = $t2
	local[27] = $t0
	local[28] = $t6
	local[29] = $t5
	local[31] = $t7
	in[0] = $a0
	$a0 = $t4
	call $t5
	$t7 = local[0]
	$t8 = local[2]
	$t3 = local[3]
	$t2 = local[4]
	$t0 = local[5]
	$t5 = local[6]
	$t1 = local[7]
	$t4 = local[12]
	$t1 = local[16]
	$t1 = local[17]
	$t2 = local[18]
	$t6 = local[19]
	$t5 = local[20]
	$t0 = local[22]
	$t6 = local[25]
	$t2 = local[26]
	$t0 = local[27]
	$t6 = local[28]
	$t5 = local[29]
	$t7 = local[31]
	$a0 = in[0]
	$t3 = $v0
	PrintIntS(33300000)
	if $t4 goto :null42
	Error("null pointer")
null42:
	$t6 = [$t4]
	$t6 = [$t6+16]
	local[0] = $t7
	local[2] = $t8
	local[3] = $t3
	local[4] = $t2
	local[5] = $t0
	local[6] = $t5
	local[7] = $t1
	local[12] = $t4
	local[16] = $t1
	local[17] = $t1
	local[18] = $t2
	local[19] = $t6
	local[20] = $t5
	local[22] = $t0
	local[25] = $t6
	local[26] = $t2
	local[27] = $t0
	local[28] = $t6
	local[29] = $t5
	local[31] = $t7
	in[0] = $a0
	$a0 = $t4
	$a1 = $t8
	call $t6
	$t7 = local[0]
	$t8 = local[2]
	$t3 = local[3]
	$t2 = local[4]
	$t0 = local[5]
	$t5 = local[6]
	$t1 = local[7]
	$t4 = local[12]
	$t1 = local[16]
	$t1 = local[17]
	$t2 = local[18]
	$t6 = local[19]
	$t5 = local[20]
	$t0 = local[22]
	$t6 = local[25]
	$t2 = local[26]
	$t0 = local[27]
	$t6 = local[28]
	$t5 = local[29]
	$t7 = local[31]
	$a0 = in[0]
	$t4 = $v0
	if $t4 goto :null43
	Error("null pointer")
null43:
	$s0 = [$t4]
	$s0 = [$s0+36]
	local[0] = $t7
	local[2] = $t8
	local[3] = $t3
	local[4] = $t2
	local[5] = $t0
	local[6] = $t5
	local[7] = $t1
	local[12] = $t4
	local[16] = $t1
	local[17] = $t1
	local[18] = $t2
	local[19] = $t6
	local[20] = $t5
	local[22] = $t0
	local[25] = $t6
	local[26] = $t2
	local[27] = $t0
	local[28] = $t6
	local[29] = $t5
	local[31] = $t7
	in[0] = $a0
	$a0 = $t4
	call $s0
	$t7 = local[0]
	$t8 = local[2]
	$t3 = local[3]
	$t2 = local[4]
	$t0 = local[5]
	$t5 = local[6]
	$t1 = local[7]
	$t4 = local[12]
	$t1 = local[16]
	$t1 = local[17]
	$t2 = local[18]
	$t6 = local[19]
	$t5 = local[20]
	$t0 = local[22]
	$t6 = local[25]
	$t2 = local[26]
	$t0 = local[27]
	$t6 = local[28]
	$t5 = local[29]
	$t7 = local[31]
	$a0 = in[0]
	$t3 = $v0
	PrintIntS(44440000)
	$v0 = 0
	$s5 = local[1]
	$s4 = local[8]
	$s3 = local[9]
	$s7 = local[10]
	$s6 = local[11]
	$s1 = local[13]
	$s0 = local[14]
	$s2 = local[15]
	$s6 = local[21]
	$s7 = local[23]
	$s0 = local[24]
	$s0 = local[30]
	$s2 = local[32]
	$s1 = local[33]
	$s4 = local[34]
	$s3 = local[35]
	ret

