func Main()
	t.0 = 12
	t.1 = t.0
	PrintIntS(t.1)
	ret

