func Main()
	t.0 = 12
	t.1 = 21
	t.2 = Add(t.0 t.1)
	t.3 = t.2
	PrintIntS(t.3)
	ret

