--- Error (ProgramFault) ---
use of uinitialized value
  Main() line 18
  BBS.Start(<Heap.0>+0 10) line 32
  BBS.Init(<Heap.0>+0 10) line 290
