const vmt_MT4
	:MT4.Start
	:MT4.Change

func Main()
	t.0 = HeapAllocZ(4)
	[t.0] = :vmt_MT4
	t.1 = t.0
	t.2 = 1
	t.3 = t.2
	t.4 = 2
	t.5 = t.4
	t.6 = 3
	t.7 = t.6
	t.8 = 4
	t.9 = t.8
	t.10 = 5
	t.11 = t.10
	t.12 = 6
	t.13 = t.12
	if t.1 goto :null1
		Error("null pointer")
	null1:
	t.14 = [t.1]
	t.14 = [t.14+0]
	t.15 = call t.14(t.1 t.3 t.5 t.7 t.9 t.11 t.13)
	t.16 = t.15
	PrintIntS(t.16)
	ret

func MT4.Start(this p1 p2 p3 p4 p5 p6)
	t.0 = p1
	t.1 = t.0
	PrintIntS(t.1)
	t.2 = p2
	t.3 = t.2
	PrintIntS(t.3)
	t.4 = p3
	t.5 = t.4
	PrintIntS(t.5)
	t.6 = p4
	t.7 = t.6
	PrintIntS(t.7)
	t.8 = p5
	t.9 = t.8
	PrintIntS(t.9)
	t.10 = p6
	t.11 = t.10
	PrintIntS(t.11)
	t.12 = this
	t.13 = p6
	t.14 = t.13
	t.15 = p5
	t.16 = t.15
	t.17 = p4
	t.18 = t.17
	t.19 = p3
	t.20 = t.19
	t.21 = p2
	t.22 = t.21
	t.23 = p1
	t.24 = t.23
	if t.12 goto :null2
		Error("null pointer")
	null2:
	t.25 = [t.12]
	t.25 = [t.25+4]
	t.26 = call t.25(t.12 t.14 t.16 t.18 t.20 t.22 t.24)
	t.27 = t.26
	aux = t.27
	t.0 = aux
	t.1 = t.0
	ret t.1

func MT4.Change(this p1 p2 p3 p4 p5 p6)
	t.2 = p1
	t.3 = t.2
	PrintIntS(t.3)
	t.4 = p2
	t.5 = t.4
	PrintIntS(t.5)
	t.6 = p3
	t.7 = t.6
	PrintIntS(t.7)
	t.8 = p4
	t.9 = t.8
	PrintIntS(t.9)
	t.10 = p5
	t.11 = t.10
	PrintIntS(t.11)
	t.12 = p6
	t.13 = t.12
	PrintIntS(t.13)
	t.0 = 0
	t.1 = t.0
	ret t.1

