--- Error (ProgramFault) ---
use of uinitialized value
  Main() line 18
  QS.Start(<Heap.0>+0 10) line 32
  QS.Init(<Heap.0>+0 10) line 476
